Component: ARM Compiler 5.06 update 6 (build 750) Tool: armlink [4d35ed]

==============================================================================

Section Cross References

    main.o(i.LCD_ANALOG_CLOCK_CIR) refers to lcd.o(i.LCD_Draw_Circle) for LCD_Draw_Circle
    main.o(i.LCD_ANALOG_CLOCK_CIR) refers to lcd.o(.data) for POINT_COLOR
    main.o(i.LCD_ANALOG_CLOCK_HOUR) refers to dflt_clz.o(x$fpl$dfltu) for __aeabi_ui2d
    main.o(i.LCD_ANALOG_CLOCK_HOUR) refers to dmul.o(x$fpl$dmul) for __aeabi_dmul
    main.o(i.LCD_ANALOG_CLOCK_HOUR) refers to daddsub_clz.o(x$fpl$dadd) for __aeabi_dadd
    main.o(i.LCD_ANALOG_CLOCK_HOUR) refers to deqf.o(x$fpl$deqf) for __aeabi_cdcmpeq
    main.o(i.LCD_ANALOG_CLOCK_HOUR) refers to main.o(i.LCD_ANALOG_CLOCK_LINE) for LCD_ANALOG_CLOCK_LINE
    main.o(i.LCD_ANALOG_CLOCK_HOUR) refers to rtc.o(.bss) for calendar
    main.o(i.LCD_ANALOG_CLOCK_HOUR) refers to main.o(.data) for hour_deg
    main.o(i.LCD_ANALOG_CLOCK_LINE) refers to drleqf.o(x$fpl$drleqf) for __aeabi_cdrcmple
    main.o(i.LCD_ANALOG_CLOCK_LINE) refers to ddiv.o(x$fpl$ddiv) for __aeabi_ddiv
    main.o(i.LCD_ANALOG_CLOCK_LINE) refers to dmul.o(x$fpl$dmul) for __aeabi_dmul
    main.o(i.LCD_ANALOG_CLOCK_LINE) refers to sin.o(i.sin) for sin
    main.o(i.LCD_ANALOG_CLOCK_LINE) refers to cos.o(i.cos) for cos
    main.o(i.LCD_ANALOG_CLOCK_LINE) refers to dflt_clz.o(x$fpl$dfltu) for __aeabi_ui2d
    main.o(i.LCD_ANALOG_CLOCK_LINE) refers to daddsub_clz.o(x$fpl$drsb) for __aeabi_drsub
    main.o(i.LCD_ANALOG_CLOCK_LINE) refers to daddsub_clz.o(x$fpl$dadd) for __aeabi_dadd
    main.o(i.LCD_ANALOG_CLOCK_LINE) refers to dfixu.o(x$fpl$dfixu) for __aeabi_d2uiz
    main.o(i.LCD_ANALOG_CLOCK_LINE) refers to lcd.o(i.LCD_DrawLine) for LCD_DrawLine
    main.o(i.LCD_ANALOG_CLOCK_LINE) refers to daddsub_clz.o(x$fpl$dsub) for __aeabi_dsub
    main.o(i.LCD_ANALOG_CLOCK_LINE) refers to lcd.o(.data) for POINT_COLOR
    main.o(i.LCD_ANALOG_CLOCK_MINUTE) refers to dflt_clz.o(x$fpl$dfltu) for __aeabi_ui2d
    main.o(i.LCD_ANALOG_CLOCK_MINUTE) refers to dmul.o(x$fpl$dmul) for __aeabi_dmul
    main.o(i.LCD_ANALOG_CLOCK_MINUTE) refers to daddsub_clz.o(x$fpl$dadd) for __aeabi_dadd
    main.o(i.LCD_ANALOG_CLOCK_MINUTE) refers to deqf.o(x$fpl$deqf) for __aeabi_cdcmpeq
    main.o(i.LCD_ANALOG_CLOCK_MINUTE) refers to main.o(i.LCD_ANALOG_CLOCK_LINE) for LCD_ANALOG_CLOCK_LINE
    main.o(i.LCD_ANALOG_CLOCK_MINUTE) refers to rtc.o(.bss) for calendar
    main.o(i.LCD_ANALOG_CLOCK_MINUTE) refers to main.o(.data) for minute_deg
    main.o(i.LCD_ANALOG_CLOCK_RENDER) refers to main.o(i.LCD_ANALOG_CLOCK_CIR) for LCD_ANALOG_CLOCK_CIR
    main.o(i.LCD_ANALOG_CLOCK_RENDER) refers to main.o(i.LCD_ANALOG_CLOCK_HOUR) for LCD_ANALOG_CLOCK_HOUR
    main.o(i.LCD_ANALOG_CLOCK_RENDER) refers to main.o(i.LCD_ANALOG_CLOCK_MINUTE) for LCD_ANALOG_CLOCK_MINUTE
    main.o(i.LCD_ANALOG_CLOCK_RENDER) refers to main.o(.data) for analog_initial
    main.o(i.LCD_DIGITAL_CLOCK_RENDER) refers to lcd.o(i.LCD_ShowChar64) for LCD_ShowChar64
    main.o(i.LCD_DIGITAL_CLOCK_RENDER) refers to lcd.o(i.LCD_ShowNum64) for LCD_ShowNum64
    main.o(i.LCD_DIGITAL_CLOCK_RENDER) refers to main.o(.data) for digital_initial
    main.o(i.LCD_DIGITAL_CLOCK_RENDER) refers to lcd.o(.data) for POINT_COLOR
    main.o(i.LCD_DIGITAL_CLOCK_RENDER) refers to main.o(.bss) for calendar_display
    main.o(i.LCD_DIGITAL_CLOCK_RENDER) refers to rtc.o(.bss) for calendar
    main.o(i.LCD_STOPWATCH_IMG_RENDER) refers to lcd.o(i.LCD_ShowStopWatch) for LCD_ShowStopWatch
    main.o(i.LCD_STOPWATCH_IMG_RENDER) refers to timer.o(i.Timer_GetStatus) for Timer_GetStatus
    main.o(i.LCD_STOPWATCH_IMG_RENDER) refers to main.o(.data) for stopwatch_img_initial
    main.o(i.LCD_STOPWATCH_TIME_RENDER) refers to lcd.o(i.LCD_ShowChar64) for LCD_ShowChar64
    main.o(i.LCD_STOPWATCH_TIME_RENDER) refers to lcd.o(i.LCD_ShowNum64) for LCD_ShowNum64
    main.o(i.LCD_STOPWATCH_TIME_RENDER) refers to lcd.o(i.LCD_ShowNum48) for LCD_ShowNum48
    main.o(i.LCD_STOPWATCH_TIME_RENDER) refers to timer.o(i.Timer_GetCounter) for Timer_GetCounter
    main.o(i.LCD_STOPWATCH_TIME_RENDER) refers to main.o(.data) for stopwatch_time_initial
    main.o(i.LCD_STOPWATCH_TIME_RENDER) refers to lcd.o(.data) for POINT_COLOR
    main.o(i.RTC_IRQHandler) refers to _printf_percent.o(.ARM.Collect$$_printf_percent$$00000000) for _printf_percent
    main.o(i.RTC_IRQHandler) refers to _printf_d.o(.ARM.Collect$$_printf_percent$$00000009) for _printf_d
    main.o(i.RTC_IRQHandler) refers to _printf_dec.o(.text) for _printf_int_dec
    main.o(i.RTC_IRQHandler) refers to stm32f10x_rtc.o(i.RTC_GetITStatus) for RTC_GetITStatus
    main.o(i.RTC_IRQHandler) refers to rtc.o(i.RTC_Get) for RTC_Get
    main.o(i.RTC_IRQHandler) refers to os_sem.o(i.OSSemPost) for OSSemPost
    main.o(i.RTC_IRQHandler) refers to stm32f10x_rtc.o(i.RTC_ClearITPendingBit) for RTC_ClearITPendingBit
    main.o(i.RTC_IRQHandler) refers to noretval__2printf.o(.text) for __2printf
[...]
    i.delay_us                               0x080080c8   Section        0  delay.o(i.delay_us)
    i.digital_clock_task                     0x08008124   Section        0  main.o(i.digital_clock_task)
    i.fputc                                  0x08008168   Section        0  usart.o(i.fputc)
    i.key_task                               0x08008184   Section        0  main.o(i.key_task)
    i.main                                   0x080081d0   Section        0  main.o(i.main)
    i.sin                                    0x08008270   Section        0  sin.o(i.sin)
    i.stopwatch_task                         0x08008310   Section        0  main.o(i.stopwatch_task)
    i.uart_init                              0x08008344   Section        0  usart.o(i.uart_init)
    x$fpl$dadd                               0x080083e4   Section      336  daddsub_clz.o(x$fpl$dadd)
    _dadd1                                   0x080083f5   Thumb Code     0  daddsub_clz.o(x$fpl$dadd)
    x$fpl$dcheck1                            0x08008534   Section       16  dcheck1.o(x$fpl$dcheck1)
    x$fpl$dcmpinf                            0x08008544   Section       24  dcmpi.o(x$fpl$dcmpinf)
    x$fpl$ddiv                               0x0800855c   Section      688  ddiv.o(x$fpl$ddiv)
    ddiv_entry                               0x08008563   Thumb Code     0  ddiv.o(x$fpl$ddiv)
    x$fpl$deqf                               0x0800880c   Section      120  deqf.o(x$fpl$deqf)
    x$fpl$dfix                               0x08008884   Section       94  dfix.o(x$fpl$dfix)
    x$fpl$dfixu                              0x080088e4   Section       90  dfixu.o(x$fpl$dfixu)
    x$fpl$dflt                               0x0800893e   Section       46  dflt_clz.o(x$fpl$dflt)
    x$fpl$dfltu                              0x0800896c   Section       38  dflt_clz.o(x$fpl$dfltu)
    x$fpl$dleqf                              0x08008994   Section      120  dleqf.o(x$fpl$dleqf)
    x$fpl$dmul                               0x08008a0c   Section      340  dmul.o(x$fpl$dmul)
    x$fpl$dnaninf                            0x08008b60   Section      156  dnaninf.o(x$fpl$dnaninf)
    x$fpl$dretinf                            0x08008bfc   Section       12  dretinf.o(x$fpl$dretinf)
    x$fpl$drleqf                             0x08008c08   Section      108  drleqf.o(x$fpl$drleqf)
    x$fpl$drsb                               0x08008c74   Section       22  daddsub_clz.o(x$fpl$drsb)
    x$fpl$dsub                               0x08008c8c   Section      468  daddsub_clz.o(x$fpl$dsub)
    _dsub1                                   0x08008c9d   Thumb Code     0  daddsub_clz.o(x$fpl$dsub)
    x$fpl$retnan                             0x08008e60   Section      100  retnan.o(x$fpl$retnan)
    x$fpl$scalbn                             0x08008ec4   Section       92  scalbn.o(x$fpl$scalbn)
    x$fpl$trapveneer                         0x08008f20   Section       48  trapv.o(x$fpl$trapveneer)
    .constdata                               0x08008f50   Section    13360  lcd.o(.constdata)
    x$fpl$usenofp                            0x08008f50   Section        0  usenofp.o(x$fpl$usenofp)
    .constdata                               0x0800c380   Section       24  rtc.o(.constdata)
    .constdata                               0x0800c398   Section      256  os_core.o(.constdata)
    .constdata                               0x0800c498   Section       40  _printf_hex_int.o(.constdata)
    uc_hextab                                0x0800c498   Data          20  _printf_hex_int.o(.constdata)
    lc_hextab                                0x0800c4ac   Data          20  _printf_hex_int.o(.constdata)
    .constdata                               0x0800c4c0   Section       48  cos_i.o(.constdata)
    C                                        0x0800c4c0   Data          48  cos_i.o(.constdata)
    .constdata                               0x0800c4f0   Section      200  rred.o(.constdata)
    pio2s                                    0x0800c4f0   Data          48  rred.o(.constdata)
    twooverpi                                0x0800c520   Data         152  rred.o(.constdata)
    .constdata                               0x0800c5b8   Section       40  sin_i.o(.constdata)
    S                                        0x0800c5b8   Data          40  sin_i.o(.constdata)
    .data                                    0x20000000   Section       60  main.o(.data)
    .data                                    0x2000003c   Section       20  system_stm32f10x.o(.data)
    .data                                    0x20000050   Section        1  key.o(.data)
    key_up                                   0x20000050   Data           1  key.o(.data)
    .data                                    0x20000052   Section        4  lcd.o(.data)
    .data                                    0x20000056   Section        2  rtc.o(.data)
    daycnt                                   0x20000056   Data           2  rtc.o(.data)
    .data                                    0x20000058   Section        8  timer.o(.data)
    .data                                    0x20000060   Section        4  delay.o(.data)
    fac_us                                   0x20000060   Data           1  delay.o(.data)
    fac_ms                                   0x20000062   Data           2  delay.o(.data)
    .data                                    0x20000064   Section        6  usart.o(.data)
    .data                                    0x2000006a   Section       20  stm32f10x_rcc.o(.data)
    APBAHBPrescTable                         0x2000006a   Data          16  stm32f10x_rcc.o(.data)
    ADCPrescTable                            0x2000007a   Data           4  stm32f10x_rcc.o(.data)
    .data                                    0x20000080   Section       72  os_core.o(.data)
    .bss                                     0x200000c8   Section     1546  main.o(.bss)
    .bss                                     0x200006d2   Section       14  lcd.o(.bss)
    .bss                                     0x200006e0   Section       10  rtc.o(.bss)
    .bss                                     0x200006ea   Section      200  usart.o(.bss)
    .bss                                     0x200007b4   Section     2688  os_core.o(.bss)
    .bss                                     0x20001234   Section       96  libspace.o(.bss)
    HEAP                                     0x20001298   Section      512  startup_stm32f10x_hd.o(HEAP)
    Heap_Mem                                 0x20001298   Data         512  startup_stm32f10x_hd.o(HEAP)
    STACK                                    0x20001498   Section     1024  startup_stm32f10x_hd.o(STACK)
    Stack_Mem                                0x20001498   Data        1024  startup_stm32f10x_hd.o(STACK)
    __initial_sp                             0x20001898   Data           0  startup_stm32f10x_hd.o(STACK)

    Global Symbols

    Symbol Name                              Value     Ov Type        Size  Object(Section)

    BuildAttributes$$THM_ISAv4$P$D$K$B$S$PE$A:L22UL41UL21$X:L11$S22US41US21$IEEE1$IW$USESV6$~STKCKD$USESV7$~SHL$OTIME$ROPI$IEEEX$EBA8$UX$STANDARDLIB$REQ8$PRES8$EABIv2 0x00000000   Number         0  anon$$obj.o ABSOLUTE
    __ARM_use_no_argv                        0x00000000   Number         0  main.o ABSOLUTE
    __ARM_exceptions_init                     - Undefined Weak Reference
    __alloca_initialize                       - Undefined Weak Reference
    __arm_preinit_                            - Undefined Weak Reference
    __cpp_initialize__aeabi_                  - Undefined Weak Reference
    __cxa_finalize                            - Undefined Weak Reference
    __rt_locale                               - Undefined Weak Reference
    __sigvec_lookup                           - Undefined Weak Reference
    _atexit_init                              - Undefined Weak Reference
    _call_atexit_fns                          - Undefined Weak Reference
    _clock_init                               - Undefined Weak Reference
    _fp_trap_init                             - Undefined Weak Reference
    _fp_trap_shutdown                         - Undefined Weak Reference
    _get_lc_collate                           - Undefined Weak Reference
    _get_lc_ctype                             - Undefined Weak Reference
    _get_lc_monetary                          - Undefined Weak Reference
    _get_lc_numeric                           - Undefined Weak Reference
    _get_lc_time                              - Undefined Weak Reference
    _getenv_init                              - Undefined Weak Reference
    _handle_redirection                       - Undefined Weak Reference
    _init_alloc                               - Undefined Weak Reference
    _init_user_alloc                          - Undefined Weak Reference
    _initio                                   - Undefined Weak Reference
    _mutex_acquire                            - Undefined Weak Reference
    _mutex_release                            - Undefined Weak Reference
    _printf_post_padding                      - Undefined Weak Reference
    _printf_pre_padding                       - Undefined Weak Reference
    _printf_truncate_signed                   - Undefined Weak Reference
    _printf_truncate_unsigned                 - Undefined Weak Reference
    _rand_init                                - Undefined Weak Reference
    _signal_finish                            - Undefined Weak Reference
    _signal_init                              - Undefined Weak Reference
    _terminate_alloc                          - Undefined Weak Reference
    _terminate_user_alloc                     - Undefined Weak Reference
    _terminateio                              - Undefined Weak Reference
    __Vectors_Size                           0x00000130   Number         0  startup_stm32f10x_hd.o ABSOLUTE
    __Vectors                                0x08000000   Data           4  startup_stm32f10x_hd.o(RESET)
    __Vectors_End                            0x08000130   Data           0  startup_stm32f10x_hd.o(RESET)
    __main                                   0x08000131   Thumb Code     8  __main.o(!!!main)
    __scatterload                            0x08000139   Thumb Code     0  __scatter.o(!!!scatter)
    __scatterload_rt2                        0x08000139   Thumb Code    44  __scatter.o(!!!scatter)
    __scatterload_rt2_thumb_only             0x08000139   Thumb Code     0  __scatter.o(!!!scatter)
    __scatterload_null                       0x08000147   Thumb Code     0  __scatter.o(!!!scatter)
    __scatterload_copy                       0x0800016d   Thumb Code    26  __scatter_copy.o(!!handler_copy)
    __scatterload_zeroinit                   0x08000189   Thumb Code    28  __scatter_zi.o(!!handler_zi)
    _printf_d                                0x080001a5   Thumb Code     0  _printf_d.o(.ARM.Collect$$_printf_percent$$00000009)
    _printf_percent                          0x080001a5   Thumb Code     0  _printf_percent.o(.ARM.Collect$$_printf_percent$$00000000)
    _printf_x                                0x080001ab   Thumb Code     0  _printf_x.o(.ARM.Collect$$_printf_percent$$0000000C)
    _printf_percent_end                      0x080001b1   Thumb Code     0  _printf_percent_end.o(.ARM.Collect$$_printf_percent$$00000017)
    __rt_lib_init                            0x080001b5   Thumb Code     0  libinit.o(.ARM.Collect$$libinit$$00000000)
    __rt_lib_init_alloca_1                   0x080001b7   Thumb Code     0  libinit2.o(.ARM.Collect$$libinit$$0000002E)
    __rt_lib_init_argv_1                     0x080001b7   Thumb Code     0  libinit2.o(.ARM.Collect$$libinit$$0000002C)
    __rt_lib_init_atexit_1                   0x080001b7   Thumb Code     0  libinit2.o(.ARM.Collect$$libinit$$0000001B)
    __rt_lib_init_clock_1                    0x080001b7   Thumb Code     0  libinit2.o(.ARM.Collect$$libinit$$00000021)
    __rt_lib_init_cpp_1                      0x080001b7   Thumb Code     0  libinit2.o(.ARM.Collect$$libinit$$00000032)
    __rt_lib_init_exceptions_1               0x080001b7   Thumb Code     0  libinit2.o(.ARM.Collect$$libinit$$00000030)
    __rt_lib_init_fp_1                       0x080001b7   Thumb Code     0  libinit2.o(.ARM.Collect$$libinit$$00000002)
    __rt_lib_init_fp_trap_1                  0x080001b7   Thumb Code     0  libinit2.o(.ARM.Collect$$libinit$$0000001F)
    __rt_lib_init_getenv_1                   0x080001b7   Thumb Code     0  libinit2.o(.ARM.Collect$$libinit$$00000023)
    __rt_lib_init_heap_1                     0x080001b7   Thumb Code     0  libinit2.o(.ARM.Collect$$libinit$$0000000A)
    __rt_lib_init_lc_collate_1               0x080001b7   Thumb Code     0  libinit2.o(.ARM.Collect$$libinit$$00000011)
    __rt_lib_init_lc_ctype_1                 0x080001b7   Thumb Code     0  libinit2.o(.ARM.Collect$$libinit$$00000013)
    __rt_lib_init_lc_monetary_1              0x080001b7   Thumb Code     0  libinit2.o(.ARM.Collect$$libinit$$00000015)
    __rt_lib_init_lc_numeric_1               0x080001b7   Thumb Code     0  libinit2.o(.ARM.Collect$$libinit$$00000017)
    __rt_lib_init_lc_time_1                  0x080001b7   Thumb Code     0  libinit2.o(.ARM.Collect$$libinit$$00000019)
    __rt_lib_init_preinit_1                  0x080001b7   Thumb Code     0  libinit2.o(.ARM.Collect$$libinit$$00000004)
    __rt_lib_init_rand_1                     0x080001b7   Thumb Code     0  libinit2.o(.ARM.Collect$$libinit$$0000000E)
    __rt_lib_init_return                     0x080001b7   Thumb Code     0  libinit2.o(.ARM.Collect$$libinit$$00000033)
    __rt_lib_init_signal_1                   0x080001b7   Thumb Code     0  libinit2.o(.ARM.Collect$$libinit$$0000001D)
    __rt_lib_init_stdio_1                    0x080001b7   Thumb Code     0  libinit2.o(.ARM.Collect$$libinit$$00000025)
    __rt_lib_init_user_alloc_1               0x080001b7   Thumb Code     0  libinit2.o(.ARM.Collect$$libinit$$0000000C)
    __rt_lib_shutdown                        0x080001b9   Thumb Code     0  libshutdown.o(.ARM.Collect$$libshutdown$$00000000)
    __rt_lib_shutdown_cpp_1                  0x080001bb   Thumb Code     0  libshutdown2.o(.ARM.Collect$$libshutdown$$00000002)
    __rt_lib_shutdown_fp_trap_1              0x080001bb   Thumb Code     0  libshutdown2.o(.ARM.Collect$$libshutdown$$00000007)
    __rt_lib_shutdown_heap_1                 0x080001bb   Thumb Code     0  libshutdown2.o(.ARM.Collect$$libshutdown$$0000000F)
    __rt_lib_shutdown_return                 0x080001bb   Thumb Code     0  libshutdown2.o(.ARM.Collect$$libshutdown$$00000010)
    __rt_lib_shutdown_signal_1               0x080001bb   Thumb Code     0  libshutdown2.o(.ARM.Collect$$libshutdown$$0000000A)
    __rt_lib_shutdown_stdio_1                0x080001bb   Thumb Code     0  libshutdown2.o(.ARM.Collect$$libshutdown$$00000004)
    __rt_lib_shutdown_user_alloc_1           0x080001bb   Thumb Code     0  libshutdown2.o(.ARM.Collect$$libshutdown$$0000000C)
    __rt_entry                               0x080001bd   Thumb Code     0  __rtentry.o(.ARM.Collect$$rtentry$$00000000)
    __rt_entry_presh_1                       0x080001bd   Thumb Code     0  __rtentry2.o(.ARM.Collect$$rtentry$$00000002)
    __rt_entry_sh                            0x080001bd   Thumb Code     0  __rtentry4.o(.ARM.Collect$$rtentry$$00000004)
    __rt_entry_li                            0x080001c3   Thumb Code     0  __rtentry2.o(.ARM.Collect$$rtentry$$0000000A)
    __rt_entry_postsh_1                      0x080001c3   Thumb Code     0  __rtentry2.o(.ARM.Collect$$rtentry$$00000009)
    __rt_entry_main                          0x080001c7   Thumb Code     0  __rtentry2.o(.ARM.Collect$$rtentry$$0000000D)
    __rt_entry_postli_1                      0x080001c7   Thumb Code     0  __rtentry2.o(.ARM.Collect$$rtentry$$0000000C)
    __rt_exit                                0x080001cf   Thumb Code     0  rtexit.o(.ARM.Collect$$rtexit$$00000000)
    __rt_exit_ls                             0x080001d1   Thumb Code     0  rtexit2.o(.ARM.Collect$$rtexit$$00000003)
    __rt_exit_prels_1                        0x080001d1   Thumb Code     0  rtexit2.o(.ARM.Collect$$rtexit$$00000002)
    __rt_exit_exit                           0x080001d5   Thumb Code     0  rtexit2.o(.ARM.Collect$$rtexit$$00000004)
    Reset_Handler                            0x080001dd   Thumb Code     8  startup_stm32f10x_hd.o(.text)
    ADC1_2_IRQHandler                        0x080001f7   Thumb Code     0  startup_stm32f10x_hd.o(.text)
    ADC3_IRQHandler                          0x080001f7   Thumb Code     0  startup_stm32f10x_hd.o(.text)
    CAN1_RX1_IRQHandler                      0x080001f7   Thumb Code     0  startup_stm32f10x_hd.o(.text)
    CAN1_SCE_IRQHandler                      0x080001f7   Thumb Code     0  startup_stm32f10x_hd.o(.text)
    DMA1_Channel1_IRQHandler                 0x080001f7   Thumb Code     0  startup_stm32f10x_hd.o(.text)
    DMA1_Channel2_IRQHandler                 0x080001f7   Thumb Code     0  startup_stm32f10x_hd.o(.text)
    DMA1_Channel3_IRQHandler                 0x080001f7   Thumb Code     0  startup_stm32f10x_hd.o(.text)
    DMA1_Channel4_IRQHandler                 0x080001f7   Thumb Code     0  startup_stm32f10x_hd.o(.text)
    DMA1_Channel5_IRQHandler                 0x080001f7   Thumb Code     0  startup_stm32f10x_hd.o(.text)
    DMA1_Channel6_IRQHandler                 0x080001f7   Thumb Code     0  startup_stm32f10x_hd.o(.text)
    DMA1_Channel7_IRQHandler                 0x080001f7   Thumb Code     0  startup_stm32f10x_hd.o(.text)
    DMA2_Channel1_IRQHandler                 0x080001f7   Thumb Code     0  startup_stm32f10x_hd.o(.text)
    DMA2_Channel2_IRQHandler                 0x080001f7   Thumb Code     0  startup_stm32f10x_hd.o(.text)
    DMA2_Channel3_IRQHandler                 0x080001f7   Thumb Code     0  startup_stm32f10x_hd.o(.text)
    DMA2_Channel4_5_IRQHandler               0x080001f7   Thumb Code     0  startup_stm32f10x_hd.o(.text)
    EXTI0_IRQHandler                         0x080001f7   Thumb Code     0  startup_stm32f10x_hd.o(.text)
    EXTI15_10_IRQHandler                     0x080001f7   Thumb Code     0  startup_stm32f10x_hd.o(.text)
    EXTI1_IRQHandler                         0x080001f7   Thumb Code     0  startup_stm32f10x_hd.o(.text)
    EXTI2_IRQHandler                         0x080001f7   Thumb Code     0  startup_stm32f10x_hd.o(.text)
    EXTI3_IRQHandler                         0x080001f7   Thumb Code     0  startup_stm32f10x_hd.o(.text)
    EXTI4_IRQHandler                         0x080001f7   Thumb Code     0  startup_stm32f10x_hd.o(.text)
    EXTI9_5_IRQHandler                       0x080001f7   Thumb Code     0  startup_stm32f10x_hd.o(.text)
    FLASH_IRQHandler                         0x080001f7   Thumb Code     0  startup_stm32f10x_hd.o(.text)
    FSMC_IRQHandler                          0x080001f7   Thumb Code     0  startup_stm32f10x_hd.o(.text)
    I2C1_ER_IRQHandler                       0x080001f7   Thumb Code     0  startup_stm32f10x_hd.o(.text)
    I2C1_EV_IRQHandler                       0x080001f7   Thumb Code     0  startup_stm32f10x_hd.o(.text)
    I2C2_ER_IRQHandler                       0x080001f7   Thumb Code     0  startup_stm32f10x_hd.o(.text)
    I2C2_EV_IRQHandler                       0x080001f7   Thumb Code     0  startup_stm32f10x_hd.o(.text)
    PVD_IRQHandler                           0x080001f7   Thumb Code     0  startup_stm32f10x_hd.o(.text)
    RCC_IRQHandler                           0x080001f7   Thumb Code     0  startup_stm32f10x_hd.o(.text)
    RTCAlarm_IRQHandler                      0x080001f7   Thumb Code     0  startup_stm32f10x_hd.o(.text)
    SDIO_IRQHandler                          0x080001f7   Thumb Code     0  startup_stm32f10x_hd.o(.text)
    SPI1_IRQHandler                          0x080001f7   Thumb Code     0  startup_stm32f10x_hd.o(.text)
    SPI2_IRQHandler                          0x080001f7   Thumb Code     0  startup_stm32f10x_hd.o(.text)
    SPI3_IRQHandler                          0x080001f7   Thumb Code     0  startup_stm32f10x_hd.o(.text)
    TAMPER_IRQHandler                        0x080001f7   Thumb Code     0  startup_stm32f10x_hd.o(.text)
    TIM1_BRK_IRQHandler                      0x080001f7   Thumb Code     0  startup_stm32f10x_hd.o(.text)
    TIM1_CC_IRQHandler                       0x080001f7   Thumb Code     0  startup_stm32f10x_hd.o(.text)
    TIM1_TRG_COM_IRQHandler                  0x080001f7   Thumb Code     0  startup_stm32f10x_hd.o(.text)
    TIM1_UP_IRQHandler                       0x080001f7   Thumb Code     0  startup_stm32f10x_hd.o(.text)
    TIM2_IRQHandler                          0x080001f7   Thumb Code     0  startup_stm32f10x_hd.o(.text)
    TIM4_IRQHandler                          0x080001f7   Thumb Code     0  startup_stm32f10x_hd.o(.text)
    TIM5_IRQHandler                          0x080001f7   Thumb Code     0  startup_stm32f10x_hd.o(.text)
    TIM6_IRQHandler                          0x080001f7   Thumb Code     0  startup_stm32f10x_hd.o(.text)
    TIM7_IRQHandler                          0x080001f7   Thumb Code     0  startup_stm32f10x_hd.o(.text)
    TIM8_BRK_IRQHandler                      0x080001f7   Thumb Code     0  startup_stm32f10x_hd.o(.text)
    TIM8_CC_IRQHandler                       0x080001f7   Thumb Code     0  startup_stm32f10x_hd.o(.text)
    TIM8_TRG_COM_IRQHandler                  0x080001f7   Thumb Code     0  startup_stm32f10x_hd.o(.text)
    TIM8_UP_IRQHandler                       0x080001f7   Thumb Code     0  startup_stm32f10x_hd.o(.text)
    UART4_IRQHandler                         0x080001f7   Thumb Code     0  startup_stm32f10x_hd.o(.text)
    UART5_IRQHandler                         0x080001f7   Thumb Code     0  startup_stm32f10x_hd.o(.text)
    USART2_IRQHandler                        0x080001f7   Thumb Code     0  startup_stm32f10x_hd.o(.text)
    USART3_IRQHandler                        0x080001f7   Thumb Code     0  startup_stm32f10x_hd.o(.text)
    USBWakeUp_IRQHandler                     0x080001f7   Thumb Code     0  startup_stm32f10x_hd.o(.text)
    USB_HP_CAN1_TX_IRQHandler                0x080001f7   Thumb Code     0  startup_stm32f10x_hd.o(.text)
    USB_LP_CAN1_RX0_IRQHandler               0x080001f7   Thumb Code     0  startup_stm32f10x_hd.o(.text)
    WWDG_IRQHandler                          0x080001f7   Thumb Code     0  startup_stm32f10x_hd.o(.text)
    __user_initial_stackheap                 0x080001f9   Thumb Code     0  startup_stm32f10x_hd.o(.text)
    OS_CPU_SR_Save                           0x0800021d   Thumb Code     0  os_cpu_a.o(.text)
    OS_CPU_SR_Restore                        0x08000225   Thumb Code     0  os_cpu_a.o(.text)
    OSStartHighRdy                           0x0800022b   Thumb Code     0  os_cpu_a.o(.text)
    OSCtxSw                                  0x0800024d   Thumb Code     0  os_cpu_a.o(.text)
    OSIntCtxSw                               0x0800025b   Thumb Code     0  os_cpu_a.o(.text)
    PendSV_Handler                           0x0800026b   Thumb Code     0  os_cpu_a.o(.text)
    __use_no_semihosting                     0x080002d1   Thumb Code     2  use_no_semi_2.o(.text)
    __2printf                                0x080002d5   Thumb Code    20  noretval__2printf.o(.text)
    __printf                                 0x080002ed   Thumb Code   104  __printf.o(.text)
    _printf_int_dec                          0x08000355   Thumb Code   104  _printf_dec.o(.text)
    _printf_int_hex                          0x080003cd   Thumb Code    84  _printf_hex_int.o(.text)
    _printf_longlong_hex                     0x080003cd   Thumb Code     0  _printf_hex_int.o(.text)
    __use_two_region_memory                  0x08000425   Thumb Code     2  heapauxi.o(.text)
    __rt_heap_escrow$2region                 0x08000427   Thumb Code     2  heapauxi.o(.text)
    __rt_heap_expand$2region                 0x08000429   Thumb Code     2  heapauxi.o(.text)
    __I$use$semihosting                      0x0800042b   Thumb Code     0  use_no_semi.o(.text)
    __use_no_semihosting_swi                 0x0800042b   Thumb Code     2  use_no_semi.o(.text)
    __read_errno                             0x0800042d   Thumb Code    10  _rserrno.o(.text)
    __set_errno                              0x08000437   Thumb Code    12  _rserrno.o(.text)
    _printf_int_common                       0x08000443   Thumb Code   178  _printf_intcommon.o(.text)
    _printf_char_file                        0x080004f5   Thumb Code    32  _printf_char_file.o(.text)
    __aeabi_errno_addr                       0x08000519   Thumb Code     8  rt_errno_addr_intlibspace.o(.text)
    __errno$intlibspace                      0x08000519   Thumb Code     0  rt_errno_addr_intlibspace.o(.text)
    __rt_errno_addr$intlibspace              0x08000519   Thumb Code     0  rt_errno_addr_intlibspace.o(.text)
    _printf_char_common                      0x0800052b   Thumb Code    32  _printf_char_common.o(.text)
    ferror                                   0x08000551   Thumb Code     8  ferror.o(.text)
    __user_libspace                          0x08000559   Thumb Code     8  libspace.o(.text)
    __user_perproc_libspace                  0x08000559   Thumb Code     0  libspace.o(.text)
    __user_perthread_libspace                0x08000559   Thumb Code     0  libspace.o(.text)
    __user_setup_stackheap                   0x08000561   Thumb Code    74  sys_stackheap_outer.o(.text)
    exit                                     0x080005ab   Thumb Code    18  exit.o(.text)
    BEEP_Init                                0x080005bd   Thumb Code    50  beep.o(i.BEEP_Init)
    BKP_DeInit                               0x080005f5   Thumb Code    16  stm32f10x_bkp.o(i.BKP_DeInit)
    BKP_ReadBackupRegister                   0x08000605   Thumb Code    24  stm32f10x_bkp.o(i.BKP_ReadBackupRegister)
    BKP_WriteBackupRegister                  0x08000621   Thumb Code    22  stm32f10x_bkp.o(i.BKP_WriteBackupRegister)
    BusFault_Handler                         0x0800063d   Thumb Code     4  stm32f10x_it.o(i.BusFault_Handler)
    DebugMon_Handler                         0x08000641   Thumb Code     2  stm32f10x_it.o(i.DebugMon_Handler)
    FSMC_NORSRAMCmd                          0x08000645   Thumb Code    46  stm32f10x_fsmc.o(i.FSMC_NORSRAMCmd)
    FSMC_NORSRAMInit                         0x08000679   Thumb Code   230  stm32f10x_fsmc.o(i.FSMC_NORSRAMInit)
    GPIO_Init                                0x0800075f   Thumb Code   278  stm32f10x_gpio.o(i.GPIO_Init)
    GPIO_ReadInputDataBit                    0x08000875   Thumb Code    18  stm32f10x_gpio.o(i.GPIO_ReadInputDataBit)
    GPIO_ResetBits                           0x08000887   Thumb Code     4  stm32f10x_gpio.o(i.GPIO_ResetBits)
    GPIO_SetBits                             0x0800088b   Thumb Code     4  stm32f10x_gpio.o(i.GPIO_SetBits)
    HardFault_Handler                        0x0800088f   Thumb Code     4  stm32f10x_it.o(i.HardFault_Handler)
    Is_Leap_Year                             0x08000893   Thumb Code    58  rtc.o(i.Is_Leap_Year)
    KEY_Init                                 0x080008cd   Thumb Code    52  key.o(i.KEY_Init)
    KEY_Scan                                 0x08000909   Thumb Code   188  key.o(i.KEY_Scan)
    LCD_ANALOG_CLOCK_CIR                     0x080009d1   Thumb Code    80  main.o(i.LCD_ANALOG_CLOCK_CIR)
    LCD_ANALOG_CLOCK_HOUR                    0x08000a25   Thumb Code   118  main.o(i.LCD_ANALOG_CLOCK_HOUR)
    LCD_ANALOG_CLOCK_LINE                    0x08000ab1   Thumb Code  1102  main.o(i.LCD_ANALOG_CLOCK_LINE)
    LCD_ANALOG_CLOCK_MINUTE                  0x08000f01   Thumb Code   118  main.o(i.LCD_ANALOG_CLOCK_MINUTE)
    LCD_ANALOG_CLOCK_RENDER                  0x08000f91   Thumb Code    32  main.o(i.LCD_ANALOG_CLOCK_RENDER)
    LCD_Clear                                0x08000fb5   Thumb Code   100  lcd.o(i.LCD_Clear)
    LCD_DIGITAL_CLOCK_RENDER                 0x08001021   Thumb Code   374  main.o(i.LCD_DIGITAL_CLOCK_RENDER)
    LCD_Display_Dir                          0x080011a9   Thumb Code   444  lcd.o(i.LCD_Display_Dir)
    LCD_DrawLine                             0x08001369   Thumb Code   176  lcd.o(i.LCD_DrawLine)
    LCD_DrawPoint                            0x08001419   Thumb Code    28  lcd.o(i.LCD_DrawPoint)
    LCD_Draw_Circle                          0x0800143d   Thumb Code   152  lcd.o(i.LCD_Draw_Circle)
    LCD_Fast_DrawPoint                       0x080014d5   Thumb Code   370  lcd.o(i.LCD_Fast_DrawPoint)
    LCD_Init                                 0x08001651   Thumb Code 14186  lcd.o(i.LCD_Init)
    LCD_Pow                                  0x08004dc5   Thumb Code    22  lcd.o(i.LCD_Pow)
    LCD_RD_DATA                              0x08004ddd   Thumb Code    14  lcd.o(i.LCD_RD_DATA)
    LCD_ReadReg                              0x08004df1   Thumb Code    22  lcd.o(i.LCD_ReadReg)
    LCD_SSD_BackLightSet                     0x08004e09   Thumb Code    80  lcd.o(i.LCD_SSD_BackLightSet)
    LCD_STOPWATCH_IMG_RENDER                 0x08004e5d   Thumb Code   112  main.o(i.LCD_STOPWATCH_IMG_RENDER)
    LCD_STOPWATCH_TIME_RENDER                0x08004ed5   Thumb Code   548  main.o(i.LCD_STOPWATCH_TIME_RENDER)
    LCD_Scan_Dir                             0x08005109   Thumb Code   744  lcd.o(i.LCD_Scan_Dir)
    LCD_SetCursor                            0x080053f5   Thumb Code   418  lcd.o(i.LCD_SetCursor)
    LCD_ShowChar48                           0x0800559d   Thumb Code   146  lcd.o(i.LCD_ShowChar48)
    LCD_ShowChar64                           0x0800563d   Thumb Code   154  lcd.o(i.LCD_ShowChar64)
    LCD_ShowNum48                            0x080056e5   Thumb Code    98  lcd.o(i.LCD_ShowNum48)
    LCD_ShowNum64                            0x08005747   Thumb Code    98  lcd.o(i.LCD_ShowNum64)
    LCD_ShowStopWatch                        0x080057a9   Thumb Code   124  lcd.o(i.LCD_ShowStopWatch)
    LCD_WR_DATA                              0x08005829   Thumb Code     6  lcd.o(i.LCD_WR_DATA)
    LCD_WR_REG                               0x08005835   Thumb Code     6  lcd.o(i.LCD_WR_REG)
    LCD_WriteRAM_Prepare                     0x08005841   Thumb Code    10  lcd.o(i.LCD_WriteRAM_Prepare)
    LCD_WriteReg                             0x08005855   Thumb Code    10  lcd.o(i.LCD_WriteReg)
    LED_Init                                 0x08005865   Thumb Code    68  led.o(i.LED_Init)
    MemManage_Handler                        0x080058b1   Thumb Code     4  stm32f10x_it.o(i.MemManage_Handler)
    NMI_Handler                              0x080058b5   Thumb Code     2  stm32f10x_it.o(i.NMI_Handler)
    NVIC_Init                                0x080058b9   Thumb Code   100  misc.o(i.NVIC_Init)
    NVIC_PriorityGroupConfig                 0x08005929   Thumb Code    10  misc.o(i.NVIC_PriorityGroupConfig)
    OSInit                                   0x0800593d   Thumb Code    44  os_core.o(i.OSInit)
    OSInitHookBegin                          0x08005969   Thumb Code     2  os_cpu_c.o(i.OSInitHookBegin)
    OSInitHookEnd                            0x0800596b   Thumb Code     2  os_cpu_c.o(i.OSInitHookEnd)
    OSIntEnter                               0x0800596d   Thumb Code    28  os_core.o(i.OSIntEnter)
    OSIntExit                                0x08005991   Thumb Code   112  os_core.o(i.OSIntExit)
    OSMutexCreate                            0x08005a21   Thumb Code   134  os_mutex.o(i.OSMutexCreate)
    OSMutexPend                              0x08005ab5   Thumb Code   542  os_mutex.o(i.OSMutexPend)
    OSMutexPost                              0x08005ced   Thumb Code   186  os_mutex.o(i.OSMutexPost)
    OSSchedLock                              0x08005e39   Thumb Code    50  os_core.o(i.OSSchedLock)
    OSSchedUnlock                            0x08005e79   Thumb Code    82  os_core.o(i.OSSchedUnlock)
    OSSemCreate                              0x08005ed9   Thumb Code    68  os_sem.o(i.OSSemCreate)
    OSSemPend                                0x08005f25   Thumb Code   222  os_sem.o(i.OSSemPend)
    OSSemPost                                0x08006011   Thumb Code    88  os_sem.o(i.OSSemPost)
    OSStart                                  0x08006069   Thumb Code    48  os_core.o(i.OSStart)
    OSTCBInitHook                            0x080060b1   Thumb Code     2  os_cpu_c.o(i.OSTCBInitHook)
    OSTaskCreate                             0x080060b5   Thumb Code   148  os_task.o(i.OSTaskCreate)
    OSTaskCreateExt                          0x08006155   Thumb Code   170  os_task.o(i.OSTaskCreateExt)
    OSTaskCreateHook                         0x0800620d   Thumb Code     2  os_cpu_c.o(i.OSTaskCreateHook)
    OSTaskIdleHook                           0x0800620f   Thumb Code     2  os_cpu_c.o(i.OSTaskIdleHook)
    OSTaskNameSet                            0x08006211   Thumb Code    98  os_task.o(i.OSTaskNameSet)
    OSTaskStatHook                           0x08006281   Thumb Code     2  os_cpu_c.o(i.OSTaskStatHook)
    OSTaskStkChk                             0x08006285   Thumb Code   132  os_task.o(i.OSTaskStkChk)
    OSTaskStkInit                            0x08006311   Thumb Code   154  os_cpu_c.o(i.OSTaskStkInit)
    OSTaskSuspend                            0x080063ad   Thumb Code   152  os_task.o(i.OSTaskSuspend)
    OSTaskSwHook                             0x08006455   Thumb Code     2  os_cpu_c.o(i.OSTaskSwHook)
    OSTimeDly                                0x08006459   Thumb Code   100  os_time.o(i.OSTimeDly)
    OSTimeTick                               0x080064d1   Thumb Code   210  os_core.o(i.OSTimeTick)
    OSTimeTickHook                           0x080065bd   Thumb Code     2  os_cpu_c.o(i.OSTimeTickHook)
    OS_EventTaskRdy                          0x080065c1   Thumb Code   114  os_core.o(i.OS_EventTaskRdy)
    OS_EventTaskRemove                       0x08006645   Thumb Code    42  os_core.o(i.OS_EventTaskRemove)
    OS_EventTaskWait                         0x08006671   Thumb Code   112  os_core.o(i.OS_EventTaskWait)
    OS_EventWaitListInit                     0x080066ed   Thumb Code    28  os_core.o(i.OS_EventWaitListInit)
    OS_FlagInit                              0x08006709   Thumb Code    74  os_flag.o(i.OS_FlagInit)
    OS_MemClr                                0x0800696d   Thumb Code    18  os_core.o(i.OS_MemClr)
    OS_QInit                                 0x08006981   Thumb Code    72  os_q.o(i.OS_QInit)
    OS_Sched                                 0x080069d1   Thumb Code    88  os_core.o(i.OS_Sched)
    OS_TCBInit                               0x08006a71   Thumb Code   278  os_core.o(i.OS_TCBInit)
    OS_TaskIdle                              0x08006ba5   Thumb Code    34  os_core.o(i.OS_TaskIdle)
    OS_TaskStat                              0x08006bcd   Thumb Code   116  os_core.o(i.OS_TaskStat)
    OS_TaskStatStkChk                        0x08006c55   Thumb Code    54  os_core.o(i.OS_TaskStatStkChk)
    OS_TaskStkClr                            0x08006c91   Thumb Code    26  os_task.o(i.OS_TaskStkClr)
    PWR_BackupAccessCmd                      0x08006cad   Thumb Code     6  stm32f10x_pwr.o(i.PWR_BackupAccessCmd)
    RCC_AHBPeriphClockCmd                    0x08006cb9   Thumb Code    26  stm32f10x_rcc.o(i.RCC_AHBPeriphClockCmd)
    RCC_APB1PeriphClockCmd                   0x08006cd9   Thumb Code    26  stm32f10x_rcc.o(i.RCC_APB1PeriphClockCmd)
    RCC_APB2PeriphClockCmd                   0x08006cf9   Thumb Code    26  stm32f10x_rcc.o(i.RCC_APB2PeriphClockCmd)
    RCC_BackupResetCmd                       0x08006d19   Thumb Code     6  stm32f10x_rcc.o(i.RCC_BackupResetCmd)
    RCC_GetClocksFreq                        0x08006d25   Thumb Code   192  stm32f10x_rcc.o(i.RCC_GetClocksFreq)
    RCC_GetFlagStatus                        0x08006df9   Thumb Code    56  stm32f10x_rcc.o(i.RCC_GetFlagStatus)
    RCC_LSEConfig                            0x08006e35   Thumb Code    46  stm32f10x_rcc.o(i.RCC_LSEConfig)
    RCC_RTCCLKCmd                            0x08006e69   Thumb Code     6  stm32f10x_rcc.o(i.RCC_RTCCLKCmd)
    RCC_RTCCLKConfig                         0x08006e75   Thumb Code    12  stm32f10x_rcc.o(i.RCC_RTCCLKConfig)
    RTC_ClearITPendingBit                    0x08006e85   Thumb Code    12  stm32f10x_rtc.o(i.RTC_ClearITPendingBit)
    RTC_EnterConfigMode                      0x08006e95   Thumb Code    14  stm32f10x_rtc.o(i.RTC_EnterConfigMode)
    RTC_ExitConfigMode                       0x08006ea9   Thumb Code    16  stm32f10x_rtc.o(i.RTC_ExitConfigMode)
    RTC_Get                                  0x08006ebd   Thumb Code   240  rtc.o(i.RTC_Get)
    RTC_GetCounter                           0x08006fbd   Thumb Code    16  stm32f10x_rtc.o(i.RTC_GetCounter)
    RTC_GetITStatus                          0x08006fd1   Thumb Code    32  stm32f10x_rtc.o(i.RTC_GetITStatus)
    RTC_Get_Week                             0x08006ff5   Thumb Code   116  rtc.o(i.RTC_Get_Week)
    RTC_IRQHandler                           0x0800706d   Thumb Code    96  main.o(i.RTC_IRQHandler)
    RTC_ITConfig                             0x080070fd   Thumb Code    26  stm32f10x_rtc.o(i.RTC_ITConfig)
    RTC_Init                                 0x0800711d   Thumb Code   192  rtc.o(i.RTC_Init)
    RTC_Set                                  0x080071fd   Thumb Code   184  rtc.o(i.RTC_Set)
    RTC_SetCounter                           0x080072c5   Thumb Code    24  stm32f10x_rtc.o(i.RTC_SetCounter)
    RTC_SetPrescaler                         0x080072e1   Thumb Code    26  stm32f10x_rtc.o(i.RTC_SetPrescaler)
    RTC_WaitForLastTask                      0x08007301   Thumb Code    16  stm32f10x_rtc.o(i.RTC_WaitForLastTask)
    RTC_WaitForSynchro                       0x08007315   Thumb Code    30  stm32f10x_rtc.o(i.RTC_WaitForSynchro)
    SVC_Handler                              0x08007339   Thumb Code     2  stm32f10x_it.o(i.SVC_Handler)
    SysTick_CLKSourceConfig                  0x08007425   Thumb Code    40  misc.o(i.SysTick_CLKSourceConfig)
    SysTick_Handler                          0x0800744d   Thumb Code    24  delay.o(i.SysTick_Handler)
    SystemInit                               0x08007469   Thumb Code    78  system_stm32f10x.o(i.SystemInit)
    TIM3_IRQHandler                          0x080074c9   Thumb Code    38  timer.o(i.TIM3_IRQHandler)
    TIM3_Int_Init                            0x080074f9   Thumb Code    90  timer.o(i.TIM3_Int_Init)
    TIM_ClearITPendingBit                    0x08007559   Thumb Code     6  stm32f10x_tim.o(i.TIM_ClearITPendingBit)
    TIM_Cmd                                  0x0800755f   Thumb Code    24  stm32f10x_tim.o(i.TIM_Cmd)
    TIM_GetITStatus                          0x08007577   Thumb Code    34  stm32f10x_tim.o(i.TIM_GetITStatus)
    TIM_ITConfig                             0x08007599   Thumb Code    18  stm32f10x_tim.o(i.TIM_ITConfig)
    TIM_TimeBaseInit                         0x080075ad   Thumb Code   122  stm32f10x_tim.o(i.TIM_TimeBaseInit)
    Timer_ClearCounter                       0x08007651   Thumb Code    10  timer.o(i.Timer_ClearCounter)
    Timer_GetCounter                         0x0800765d   Thumb Code     6  timer.o(i.Timer_GetCounter)
    Timer_GetStatus                          0x08007669   Thumb Code     6  timer.o(i.Timer_GetStatus)
    Timer_SetCounter                         0x08007675   Thumb Code     6  timer.o(i.Timer_SetCounter)
    Timer_Start                              0x08007681   Thumb Code    22  timer.o(i.Timer_Start)
    Timer_Stop                               0x080076a1   Thumb Code    22  timer.o(i.Timer_Stop)
    USART1_IRQHandler                        0x080076c5   Thumb Code   130  usart.o(i.USART1_IRQHandler)
    USART_Cmd                                0x08007755   Thumb Code    24  stm32f10x_usart.o(i.USART_Cmd)
    USART_GetITStatus                        0x0800776d   Thumb Code    84  stm32f10x_usart.o(i.USART_GetITStatus)
    USART_ITConfig                           0x080077c1   Thumb Code    74  stm32f10x_usart.o(i.USART_ITConfig)
    USART_Init                               0x0800780d   Thumb Code   210  stm32f10x_usart.o(i.USART_Init)
    USART_ReceiveData                        0x080078e5   Thumb Code    10  stm32f10x_usart.o(i.USART_ReceiveData)
    UsageFault_Handler                       0x080078ef   Thumb Code     4  stm32f10x_it.o(i.UsageFault_Handler)
    __ARM_fpclassify                         0x080078f3   Thumb Code    40  fpclassify.o(i.__ARM_fpclassify)
    __ieee754_rem_pio2                       0x0800791d   Thumb Code   828  rred.o(i.__ieee754_rem_pio2)
    __kernel_cos                             0x08007ca5   Thumb Code   230  cos_i.o(i.__kernel_cos)
    __kernel_poly                            0x08007da1   Thumb Code   170  poly.o(i.__kernel_poly)
    __kernel_sin                             0x08007e4d   Thumb Code   224  sin_i.o(i.__kernel_sin)
    __mathlib_dbl_infnan                     0x08007f39   Thumb Code     6  dunder.o(i.__mathlib_dbl_infnan)
    __mathlib_dbl_invalid                    0x08007f3f   Thumb Code    12  dunder.o(i.__mathlib_dbl_invalid)
    __mathlib_dbl_underflow                  0x08007f4d   Thumb Code    10  dunder.o(i.__mathlib_dbl_underflow)
    _sys_exit                                0x08007f5d   Thumb Code     6  usart.o(i._sys_exit)
    cos                                      0x08007f65   Thumb Code   148  cos.o(i.cos)
    delay_init                               0x08008001   Thumb Code    76  delay.o(i.delay_init)
    delay_ms                                 0x0800805d   Thumb Code    66  delay.o(i.delay_ms)
    delay_osschedlock                        0x080080ad   Thumb Code     8  delay.o(i.delay_osschedlock)
    delay_osschedunlock                      0x080080b5   Thumb Code     8  delay.o(i.delay_osschedunlock)
    delay_ostimedly                          0x080080bd   Thumb Code    12  delay.o(i.delay_ostimedly)
    delay_us                                 0x080080c9   Thumb Code    86  delay.o(i.delay_us)
    digital_clock_task                       0x08008125   Thumb Code    56  main.o(i.digital_clock_task)
    fputc                                    0x08008169   Thumb Code    24  usart.o(i.fputc)
    key_task                                 0x08008185   Thumb Code    70  main.o(i.key_task)
    main                                     0x080081d1   Thumb Code   122  main.o(i.main)
    sin                                      0x08008271   Thumb Code   150  sin.o(i.sin)
    stopwatch_task                           0x08008311   Thumb Code    44  main.o(i.stopwatch_task)
    uart_init                                0x08008345   Thumb Code   152  usart.o(i.uart_init)
    __aeabi_dadd                             0x080083e5   Thumb Code     0  daddsub_clz.o(x$fpl$dadd)
    _dadd                                    0x080083e5   Thumb Code   332  daddsub_clz.o(x$fpl$dadd)
    __fpl_dcheck_NaN1                        0x08008535   Thumb Code    10  dcheck1.o(x$fpl$dcheck1)
    __fpl_dcmp_Inf                           0x08008545   Thumb Code    24  dcmpi.o(x$fpl$dcmpinf)
    __aeabi_ddiv                             0x0800855d   Thumb Code     0  ddiv.o(x$fpl$ddiv)
    _ddiv                                    0x0800855d   Thumb Code   552  ddiv.o(x$fpl$ddiv)
    __aeabi_cdcmpeq                          0x0800880d   Thumb Code     0  deqf.o(x$fpl$deqf)
    _dcmpeq                                  0x0800880d   Thumb Code   120  deqf.o(x$fpl$deqf)
    __aeabi_d2iz                             0x08008885   Thumb Code     0  dfix.o(x$fpl$dfix)
    _dfix                                    0x08008885   Thumb Code    94  dfix.o(x$fpl$dfix)
    __aeabi_d2uiz                            0x080088e5   Thumb Code     0  dfixu.o(x$fpl$dfixu)
    _dfixu                                   0x080088e5   Thumb Code    90  dfixu.o(x$fpl$dfixu)
    __aeabi_i2d                              0x0800893f   Thumb Code     0  dflt_clz.o(x$fpl$dflt)
    _dflt                                    0x0800893f   Thumb Code    46  dflt_clz.o(x$fpl$dflt)
    __aeabi_ui2d                             0x0800896d   Thumb Code     0  dflt_clz.o(x$fpl$dfltu)
    _dfltu                                   0x0800896d   Thumb Code    38  dflt_clz.o(x$fpl$dfltu)
    __aeabi_cdcmple                          0x08008995   Thumb Code     0  dleqf.o(x$fpl$dleqf)
    _dcmple                                  0x08008995   Thumb Code   120  dleqf.o(x$fpl$dleqf)
    __fpl_dcmple_InfNaN                      0x080089f7   Thumb Code     0  dleqf.o(x$fpl$dleqf)
    __aeabi_dmul                             0x08008a0d   Thumb Code     0  dmul.o(x$fpl$dmul)
    _dmul                                    0x08008a0d   Thumb Code   332  dmul.o(x$fpl$dmul)
    __fpl_dnaninf                            0x08008b61   Thumb Code   156  dnaninf.o(x$fpl$dnaninf)
    __fpl_dretinf                            0x08008bfd   Thumb Code    12  dretinf.o(x$fpl$dretinf)
    __aeabi_cdrcmple                         0x08008c09   Thumb Code     0  drleqf.o(x$fpl$drleqf)
    _drcmple                                 0x08008c09   Thumb Code   108  drleqf.o(x$fpl$drleqf)
    __aeabi_drsub                            0x08008c75   Thumb Code     0  daddsub_clz.o(x$fpl$drsb)
    _drsb                                    0x08008c75   Thumb Code    22  daddsub_clz.o(x$fpl$drsb)
    __aeabi_dsub                             0x08008c8d   Thumb Code     0  daddsub_clz.o(x$fpl$dsub)
    _dsub                                    0x08008c8d   Thumb Code   464  daddsub_clz.o(x$fpl$dsub)
    __fpl_return_NaN                         0x08008e61   Thumb Code   100  retnan.o(x$fpl$retnan)
    __ARM_scalbn                             0x08008ec5   Thumb Code    92  scalbn.o(x$fpl$scalbn)
    __fpl_cmpreturn                          0x08008f21   Thumb Code    48  trapv.o(x$fpl$trapveneer)
    __I$use$fp                               0x08008f50   Number         0  usenofp.o(x$fpl$usenofp)
    asc2_1206                                0x08008f50   Data        1140  lcd.o(.constdata)
    asc2_1608                                0x080093c4   Data        1520  lcd.o(.constdata)
    asc2_2412                                0x080099b4   Data        3420  lcd.o(.constdata)
    seg_5448                                 0x0800a710   Data        3888  lcd.o(.constdata)
    seg_4832                                 0x0800b640   Data        1920  lcd.o(.constdata)
    seg_3224                                 0x0800bdc0   Data         960  lcd.o(.constdata)
    stopwatch                                0x0800c180   Data         512  lcd.o(.constdata)
    table_week                               0x0800c380   Data          12  rtc.o(.constdata)
    mon_table                                0x0800c38c   Data          12  rtc.o(.constdata)
    OSUnMapTbl                               0x0800c398   Data         256  os_core.o(.constdata)
    Region$$Table$$Base                      0x0800c5e0   Number         0  anon$$obj.o(Region$$Table)
    Region$$Table$$Limit                     0x0800c600   Number         0  anon$$obj.o(Region$$Table)
    Sec_Int_Event                            0x20000000   Data           4  main.o(.data)
    LCD_Mutex_Event                          0x20000004   Data           4  main.o(.data)
    err                                      0x20000008   Data           1  main.o(.data)
    digital_initial                          0x20000009   Data           1  main.o(.data)
    hour_deg                                 0x20000010   Data           8  main.o(.data)
    hour_deg_display                         0x20000018   Data           8  main.o(.data)
    minute_deg                               0x20000020   Data           8  main.o(.data)
    minute_deg_display                       0x20000028   Data           8  main.o(.data)
    analog_initial                           0x20000030   Data           1  main.o(.data)
    stopwatch_img_initial                    0x20000031   Data           1  main.o(.data)
    stopwatch_img_display                    0x20000032   Data           1  main.o(.data)
    stopwatch_time_initial                   0x20000033   Data           1  main.o(.data)
    stopwatch_time_display                   0x20000034   Data           4  main.o(.data)
    stopwatch_time_now                       0x20000038   Data           4  main.o(.data)
    SystemCoreClock                          0x2000003c   Data           4  system_stm32f10x.o(.data)
    AHBPrescTable                            0x20000040   Data          16  system_stm32f10x.o(.data)
    POINT_COLOR                              0x20000052   Data           2  lcd.o(.data)
    BACK_COLOR                               0x20000054   Data           2  lcd.o(.data)
    timer_status                             0x20000058   Data           1  timer.o(.data)
    counter                                  0x2000005c   Data           4  timer.o(.data)
    __stdout                                 0x20000064   Data           4  usart.o(.data)
    USART_RX_STA                             0x20000068   Data           2  usart.o(.data)
    OSCtxSwCtr                               0x20000080   Data           4  os_core.o(.data)
    OSEventFreeList                          0x20000084   Data           4  os_core.o(.data)
    OSFlagFreeList                           0x20000088   Data           4  os_core.o(.data)
    OSCPUUsage                               0x2000008c   Data           1  os_core.o(.data)
    OSIdleCtrMax                             0x20000090   Data           4  os_core.o(.data)
    OSIdleCtrRun                             0x20000094   Data           4  os_core.o(.data)
    OSStatRdy                                0x20000098   Data           1  os_core.o(.data)
    OSIntNesting                             0x20000099   Data           1  os_core.o(.data)
    OSLockNesting                            0x2000009a   Data           1  os_core.o(.data)
    OSPrioCur                                0x2000009b   Data           1  os_core.o(.data)
    OSPrioHighRdy                            0x2000009c   Data           1  os_core.o(.data)
    OSRdyGrp                                 0x2000009d   Data           1  os_core.o(.data)
    OSRdyTbl                                 0x2000009e   Data           8  os_core.o(.data)
    OSRunning                                0x200000a6   Data           1  os_core.o(.data)
    OSTaskCtr                                0x200000a7   Data           1  os_core.o(.data)
    OSIdleCtr                                0x200000a8   Data           4  os_core.o(.data)
    OSTCBCur                                 0x200000ac   Data           4  os_core.o(.data)
    OSTCBFreeList                            0x200000b0   Data           4  os_core.o(.data)
    OSTCBHighRdy                             0x200000b4   Data           4  os_core.o(.data)
    OSTCBList                                0x200000b8   Data           4  os_core.o(.data)
    OSTickStepState                          0x200000bc   Data           1  os_core.o(.data)
    OSQFreeList                              0x200000c0   Data           4  os_core.o(.data)
    OSTime                                   0x200000c4   Data           4  os_core.o(.data)
    DIGITAL_CLK_TASK_STK                     0x200000c8   Data         512  main.o(.bss)
    STOPWATCH_TASK_STK                       0x200002c8   Data         512  main.o(.bss)
    KEY_TASK_STK                             0x200004c8   Data         512  main.o(.bss)
    calendar_display                         0x200006c8   Data          10  main.o(.bss)
    lcddev                                   0x200006d2   Data          14  lcd.o(.bss)
    calendar                                 0x200006e0   Data          10  rtc.o(.bss)
    USART_RX_BUF                             0x200006ea   Data         200  usart.o(.bss)
    OSEventTbl                               0x200007b4   Data         200  os_core.o(.bss)
    OSFlagTbl                                0x2000087c   Data          80  os_core.o(.bss)
    OSTaskStatStk                            0x200008cc   Data         512  os_core.o(.bss)
    OSTaskIdleStk                            0x20000acc   Data         512  os_core.o(.bss)
    OSTCBPrioTbl                             0x20000ccc   Data         256  os_core.o(.bss)
    OSTCBTbl                                 0x20000dcc   Data        1008  os_core.o(.bss)
    OSQTbl                                   0x200011bc   Data         120  os_core.o(.bss)
    __libspace_start                         0x20001234   Data          96  libspace.o(.bss)
    __temporary_stack_top$libspace           0x20001294   Data           0  libspace.o(.bss)



==============================================================================

Memory Map of the image

  Image Entry point : 0x080001dd

  Load Region LR_1 (Base: 0x08000000, Size: 0x0000c6c8, Max: 0xffffffff, ABSOLUTE)

    Execution Region ER_RO (Exec base: 0x08000000, Load base: 0x08000000, Size: 0x0000c600, Max: 0xffffffff, ABSOLUTE)

    Exec Addr    Load Addr    Size         Type   Attr      Idx    E Section Name        Object

    0x08000000   0x08000000   0x00000130   Data   RO          890    RESET               startup_stm32f10x_hd.o
    0x08000130   0x08000130   0x00000008   Code   RO         3122  * !!!main             c_w.l(__main.o)
    0x08000138   0x08000138   0x00000034   Code   RO         3392    !!!scatter          c_w.l(__scatter.o)
    0x0800016c   0x0800016c   0x0000001a   Code   RO         3394    !!handler_copy      c_w.l(__scatter_copy.o)
    0x08000186   0x08000186   0x00000002   PAD
    0x08000188   0x08000188   0x0000001c   Code   RO         3396    !!handler_zi        c_w.l(__scatter_zi.o)
    0x080001a4   0x080001a4   0x00000000   Code   RO         3119    .ARM.Collect$$_printf_percent$$00000000  c_w.l(_printf_percent.o)
    0x080001a4   0x080001a4   0x00000006   Code   RO         3118    .ARM.Collect$$_printf_percent$$00000009  c_w.l(_printf_d.o)
    0x080001aa   0x080001aa   0x00000006   Code   RO         3117    .ARM.Collect$$_printf_percent$$0000000C  c_w.l(_printf_x.o)
    0x080001b0   0x080001b0   0x00000004   Code   RO         3175    .ARM.Collect$$_printf_percent$$00000017  c_w.l(_printf_percent_end.o)
    0x080001b4   0x080001b4   0x00000002   Code   RO         3263    .ARM.Collect$$libinit$$00000000  c_w.l(libinit.o)
    0x080001b6   0x080001b6   0x00000000   Code   RO         3269    .ARM.Collect$$libinit$$00000002  c_w.l(libinit2.o)
    0x080001b6   0x080001b6   0x00000000   Code   RO         3271    .ARM.Collect$$libinit$$00000004  c_w.l(libinit2.o)
    0x080001b6   0x080001b6   0x00000000   Code   RO         3274    .ARM.Collect$$libinit$$0000000A  c_w.l(libinit2.o)
    0x080001b6   0x080001b6   0x00000000   Code   RO         3276    .ARM.Collect$$libinit$$0000000C  c_w.l(libinit2.o)
    0x080001b6   0x080001b6   0x00000000   Code   RO         3278    .ARM.Collect$$libinit$$0000000E  c_w.l(libinit2.o)
    0x080001b6   0x080001b6   0x00000000   Code   RO         3281    .ARM.Collect$$libinit$$00000011  c_w.l(libinit2.o)
    0x080001b6   0x080001b6   0x00000000   Code   RO         3283    .ARM.Collect$$libinit$$00000013  c_w.l(libinit2.o)
    0x080001b6   0x080001b6   0x00000000   Code   RO         3285    .ARM.Collect$$libinit$$00000015  c_w.l(libinit2.o)
    0x080001b6   0x080001b6   0x00000000   Code   RO         3287    .ARM.Collect$$libinit$$00000017  c_w.l(libinit2.o)
    0x080001b6   0x080001b6   0x00000000   Code   RO         3289    .ARM.Collect$$libinit$$00000019  c_w.l(libinit2.o)
    0x080001b6   0x080001b6   0x00000000   Code   RO         3291    .ARM.Collect$$libinit$$0000001B  c_w.l(libinit2.o)
    0x080001b6   0x080001b6   0x00000000   Code   RO         3293    .ARM.Collect$$libinit$$0000001D  c_w.l(libinit2.o)
    0x080001b6   0x080001b6   0x00000000   Code   RO         3295    .ARM.Collect$$libinit$$0000001F  c_w.l(libinit2.o)
    0x080001b6   0x080001b6   0x00000000   Code   RO         3297    .ARM.Collect$$libinit$$00000021  c_w.l(libinit2.o)
    0x080001b6   0x080001b6   0x00000000   Code   RO         3299    .ARM.Collect$$libinit$$00000023  c_w.l(libinit2.o)
    0x080001b6   0x080001b6   0x00000000   Code   RO         3301    .ARM.Collect$$libinit$$00000025  c_w.l(libinit2.o)
    0x080001b6   0x080001b6   0x00000000   Code   RO         3305    .ARM.Collect$$libinit$$0000002C  c_w.l(libinit2.o)
    0x080001b6   0x080001b6   0x00000000   Code   RO         3307    .ARM.Collect$$libinit$$0000002E  c_w.l(libinit2.o)
    0x080001b6   0x080001b6   0x00000000   Code   RO         3309    .ARM.Collect$$libinit$$00000030  c_w.l(libinit2.o)
    0x080001b6   0x080001b6   0x00000000   Code   RO         3311    .ARM.Collect$$libinit$$00000032  c_w.l(libinit2.o)
    0x080001b6   0x080001b6   0x00000002   Code   RO         3312    .ARM.Collect$$libinit$$00000033  c_w.l(libinit2.o)
    0x080001b8   0x080001b8   0x00000002   Code   RO         3334    .ARM.Collect$$libshutdown$$00000000  c_w.l(libshutdown.o)
    0x080001ba   0x080001ba   0x00000000   Code   RO         3344    .ARM.Collect$$libshutdown$$00000002  c_w.l(libshutdown2.o)
    0x080001ba   0x080001ba   0x00000000   Code   RO         3346    .ARM.Collect$$libshutdown$$00000004  c_w.l(libshutdown2.o)
    0x080001ba   0x080001ba   0x00000000   Code   RO         3349    .ARM.Collect$$libshutdown$$00000007  c_w.l(libshutdown2.o)
    0x080001ba   0x080001ba   0x00000000   Code   RO         3352    .ARM.Collect$$libshutdown$$0000000A  c_w.l(libshutdown2.o)
    0x080001ba   0x080001ba   0x00000000   Code   RO         3354    .ARM.Collect$$libshutdown$$0000000C  c_w.l(libshutdown2.o)
    0x080001ba   0x080001ba   0x00000000   Code   RO         3357    .ARM.Collect$$libshutdown$$0000000F  c_w.l(libshutdown2.o)
    0x080001ba   0x080001ba   0x00000002   Code   RO         3358    .ARM.Collect$$libshutdown$$00000010  c_w.l(libshutdown2.o)
    0x080001bc   0x080001bc   0x00000000   Code   RO         3168    .ARM.Collect$$rtentry$$00000000  c_w.l(__rtentry.o)
    0x080001bc   0x080001bc   0x00000000   Code   RO         3214    .ARM.Collect$$rtentry$$00000002  c_w.l(__rtentry2.o)
    0x080001bc   0x080001bc   0x00000006   Code   RO         3226    .ARM.Collect$$rtentry$$00000004  c_w.l(__rtentry4.o)
    0x080001c2   0x080001c2   0x00000000   Code   RO         3216    .ARM.Collect$$rtentry$$00000009  c_w.l(__rtentry2.o)
    0x080001c2   0x080001c2   0x00000004   Code   RO         3217    .ARM.Collect$$rtentry$$0000000A  c_w.l(__rtentry2.o)
    0x080001c6   0x080001c6   0x00000000   Code   RO         3219    .ARM.Collect$$rtentry$$0000000C  c_w.l(__rtentry2.o)
    0x080001c6   0x080001c6   0x00000008   Code   RO         3220    .ARM.Collect$$rtentry$$0000000D  c_w.l(__rtentry2.o)
    0x080001ce   0x080001ce   0x00000002   Code   RO         3266    .ARM.Collect$$rtexit$$00000000  c_w.l(rtexit.o)
    0x080001d0   0x080001d0   0x00000000   Code   RO         3316    .ARM.Collect$$rtexit$$00000002  c_w.l(rtexit2.o)
    0x080001d0   0x080001d0   0x00000004   Code   RO         3317    .ARM.Collect$$rtexit$$00000003  c_w.l(rtexit2.o)
    0x080001d4   0x080001d4   0x00000006   Code   RO         3318    .ARM.Collect$$rtexit$$00000004  c_w.l(rtexit2.o)
    0x080001da   0x080001da   0x00000002   PAD
    0x080001dc   0x080001dc   0x00000040   Code   RO          891  * .text               startup_stm32f10x_hd.o
    0x0800021c   0x0800021c   0x000000b4   Code   RO         2979    .text               os_cpu_a.o
    0x080002d0   0x080002d0   0x00000002   Code   RO         3066    .text               c_w.l(use_no_semi_2.o)
    0x080002d2   0x080002d2   0x00000002   PAD
    0x080002d4   0x080002d4   0x00000018   Code   RO         3070    .text               c_w.l(noretval__2printf.o)
    0x080002ec   0x080002ec   0x00000068   Code   RO         3072    .text               c_w.l(__printf.o)
    0x08000354   0x08000354   0x00000078   Code   RO         3074    .text               c_w.l(_printf_dec.o)
    0x080003cc   0x080003cc   0x00000058   Code   RO         3079    .text               c_w.l(_printf_hex_int.o)
    0x08000424   0x08000424   0x00000006   Code   RO         3120    .text               c_w.l(heapauxi.o)
    0x0800042a   0x0800042a   0x00000002   Code   RO         3166    .text               c_w.l(use_no_semi.o)
    0x0800042c   0x0800042c   0x00000016   Code   RO         3169    .text               c_w.l(_rserrno.o)
    0x08000442   0x08000442   0x000000b2   Code   RO         3171    .text               c_w.l(_printf_intcommon.o)
    0x080004f4   0x080004f4   0x00000024   Code   RO         3173    .text               c_w.l(_printf_char_file.o)
    0x08000518   0x08000518   0x00000008   Code   RO         3231    .text               c_w.l(rt_errno_addr_intlibspace.o)
    0x08000520   0x08000520   0x00000030   Code   RO         3233    .text               c_w.l(_printf_char_common.o)
    0x08000550   0x08000550   0x00000008   Code   RO         3235    .text               c_w.l(ferror.o)
    0x08000558   0x08000558   0x00000008   Code   RO         3249    .text               c_w.l(libspace.o)
    0x08000560   0x08000560   0x0000004a   Code   RO         3252    .text               c_w.l(sys_stackheap_outer.o)
    0x080005aa   0x080005aa   0x00000012   Code   RO         3256    .text               c_w.l(exit.o)
    0x080005bc   0x080005bc   0x00000038   Code   RO          746    i.BEEP_Init         beep.o
    0x080005f4   0x080005f4   0x00000010   Code   RO         1451    i.BKP_DeInit        stm32f10x_bkp.o
    0x08000604   0x08000604   0x0000001c   Code   RO         1456    i.BKP_ReadBackupRegister  stm32f10x_bkp.o
    0x08000620   0x08000620   0x0000001c   Code   RO         1460    i.BKP_WriteBackupRegister  stm32f10x_bkp.o
    0x0800063c   0x0800063c   0x00000004   Code   RO          243    i.BusFault_Handler  stm32f10x_it.o
    0x08000640   0x08000640   0x00000002   Code   RO          244    i.DebugMon_Handler  stm32f10x_it.o
    0x08000642   0x08000642   0x00000002   PAD
    0x08000644   0x08000644   0x00000034   Code   RO         1538    i.FSMC_NORSRAMCmd   stm32f10x_fsmc.o
    0x08000678   0x08000678   0x000000e6   Code   RO         1540    i.FSMC_NORSRAMInit  stm32f10x_fsmc.o
    0x0800075e   0x0800075e   0x00000116   Code   RO          937    i.GPIO_Init         stm32f10x_gpio.o
    0x08000874   0x08000874   0x00000012   Code   RO          941    i.GPIO_ReadInputDataBit  stm32f10x_gpio.o
    0x08000886   0x08000886   0x00000004   Code   RO          944    i.GPIO_ResetBits    stm32f10x_gpio.o
    0x0800088a   0x0800088a   0x00000004   Code   RO          945    i.GPIO_SetBits      stm32f10x_gpio.o
    0x0800088e   0x0800088e   0x00000004   Code   RO          245    i.HardFault_Handler  stm32f10x_it.o
    0x08000892   0x08000892   0x0000003a   Code   RO          631    i.Is_Leap_Year      rtc.o
    0x080008cc   0x080008cc   0x0000003c   Code   RO          366    i.KEY_Init          key.o
    0x08000908   0x08000908   0x000000c8   Code   RO          367    i.KEY_Scan          key.o
    0x080009d0   0x080009d0   0x00000054   Code   RO            1    i.LCD_ANALOG_CLOCK_CIR  main.o
    0x08000a24   0x08000a24   0x0000008c   Code   RO            2    i.LCD_ANALOG_CLOCK_HOUR  main.o
    0x08000ab0   0x08000ab0   0x0000044e   Code   RO            3    i.LCD_ANALOG_CLOCK_LINE  main.o
    0x08000efe   0x08000efe   0x00000002   PAD
    0x08000f00   0x08000f00   0x00000090   Code   RO            4    i.LCD_ANALOG_CLOCK_MINUTE  main.o
    0x08000f90   0x08000f90   0x00000024   Code   RO            5    i.LCD_ANALOG_CLOCK_RENDER  main.o
    0x08000fb4   0x08000fb4   0x0000006c   Code   RO          386    i.LCD_Clear         lcd.o
    0x08001020   0x08001020   0x00000188   Code   RO            6    i.LCD_DIGITAL_CLOCK_RENDER  main.o
    0x080011a8   0x080011a8   0x000001c0   Code   RO          390    i.LCD_Display_Dir   lcd.o
    0x08001368   0x08001368   0x000000b0   Code   RO          391    i.LCD_DrawLine      lcd.o
    0x08001418   0x08001418   0x00000024   Code   RO          392    i.LCD_DrawPoint     lcd.o
    0x0800143c   0x0800143c   0x00000098   Code   RO          394    i.LCD_Draw_Circle   lcd.o
    0x080014d4   0x080014d4   0x0000017c   Code   RO          395    i.LCD_Fast_DrawPoint  lcd.o
    0x08001650   0x08001650   0x00003774   Code   RO          397    i.LCD_Init          lcd.o
    0x08004dc4   0x08004dc4   0x00000016   Code   RO          398    i.LCD_Pow           lcd.o
    0x08004dda   0x08004dda   0x00000002   PAD
    0x08004ddc   0x08004ddc   0x00000014   Code   RO          399    i.LCD_RD_DATA       lcd.o
    0x08004df0   0x08004df0   0x00000016   Code   RO          401    i.LCD_ReadReg       lcd.o
    0x08004e06   0x08004e06   0x00000002   PAD
    0x08004e08   0x08004e08   0x00000054   Code   RO          402    i.LCD_SSD_BackLightSet  lcd.o
    0x08004e5c   0x08004e5c   0x00000078   Code   RO            7    i.LCD_STOPWATCH_IMG_RENDER  main.o
    0x08004ed4   0x08004ed4   0x00000234   Code   RO            8    i.LCD_STOPWATCH_TIME_RENDER  main.o
    0x08005108   0x08005108   0x000002ec   Code   RO          403    i.LCD_Scan_Dir      lcd.o
    0x080053f4   0x080053f4   0x000001a8   Code   RO          404    i.LCD_SetCursor     lcd.o
    0x0800559c   0x0800559c   0x000000a0   Code   RO          408    i.LCD_ShowChar48    lcd.o
    0x0800563c   0x0800563c   0x000000a8   Code   RO          409    i.LCD_ShowChar64    lcd.o
    0x080056e4   0x080056e4   0x00000062   Code   RO          411    i.LCD_ShowNum48     lcd.o
    0x08005746   0x08005746   0x00000062   Code   RO          412    i.LCD_ShowNum64     lcd.o
    0x080057a8   0x080057a8   0x00000080   Code   RO          413    i.LCD_ShowStopWatch  lcd.o
    0x08005828   0x08005828   0x0000000c   Code   RO          416    i.LCD_WR_DATA       lcd.o
    0x08005834   0x08005834   0x0000000c   Code   RO          417    i.LCD_WR_REG        lcd.o
    0x08005840   0x08005840   0x00000014   Code   RO          419    i.LCD_WriteRAM_Prepare  lcd.o
    0x08005854   0x08005854   0x00000010   Code   RO          420    i.LCD_WriteReg      lcd.o
    0x08005864   0x08005864   0x0000004c   Code   RO          354    i.LED_Init          led.o
    0x080058b0   0x080058b0   0x00000004   Code   RO          246    i.MemManage_Handler  stm32f10x_it.o
    0x080058b4   0x080058b4   0x00000002   Code   RO          247    i.NMI_Handler       stm32f10x_it.o
    0x080058b6   0x080058b6   0x00000002   PAD
    0x080058b8   0x080058b8   0x00000070   Code   RO          895    i.NVIC_Init         misc.o
    0x08005928   0x08005928   0x00000014   Code   RO          896    i.NVIC_PriorityGroupConfig  misc.o
    0x0800593c   0x0800593c   0x0000002c   Code   RO         2345    i.OSInit            os_core.o
    0x08005968   0x08005968   0x00000002   Code   RO         2982    i.OSInitHookBegin   os_cpu_c.o
    0x0800596a   0x0800596a   0x00000002   Code   RO         2983    i.OSInitHookEnd     os_cpu_c.o
    0x0800596c   0x0800596c   0x00000024   Code   RO         2346    i.OSIntEnter        os_core.o
    0x08005990   0x08005990   0x00000090   Code   RO         2347    i.OSIntExit         os_core.o
    0x08005a20   0x08005a20   0x00000094   Code   RO         2669    i.OSMutexCreate     os_mutex.o
    0x08005ab4   0x08005ab4   0x00000238   Code   RO         2671    i.OSMutexPend       os_mutex.o
    0x08005cec   0x08005cec   0x000000c8   Code   RO         2672    i.OSMutexPost       os_mutex.o
    0x08005db4   0x08005db4   0x00000084   Code   RO         2674    i.OSMutex_RdyAtPrio  os_mutex.o
    0x08005e38   0x08005e38   0x00000040   Code   RO         2348    i.OSSchedLock       os_core.o
    0x08005e78   0x08005e78   0x00000060   Code   RO         2349    i.OSSchedUnlock     os_core.o
    0x08005ed8   0x08005ed8   0x0000004c   Code   RO         2788    i.OSSemCreate       os_sem.o
    0x08005f24   0x08005f24   0x000000ec   Code   RO         2790    i.OSSemPend         os_sem.o
    0x08006010   0x08006010   0x00000058   Code   RO         2792    i.OSSemPost         os_sem.o
    0x08006068   0x08006068   0x00000048   Code   RO         2350    i.OSStart           os_core.o
    0x080060b0   0x080060b0   0x00000002   Code   RO         2984    i.OSTCBInitHook     os_cpu_c.o
    0x080060b2   0x080060b2   0x00000002   PAD
    0x080060b4   0x080060b4   0x000000a0   Code   RO         2842    i.OSTaskCreate      os_task.o
    0x08006154   0x08006154   0x000000b8   Code   RO         2843    i.OSTaskCreateExt   os_task.o
    0x0800620c   0x0800620c   0x00000002   Code   RO         2985    i.OSTaskCreateHook  os_cpu_c.o
    0x0800620e   0x0800620e   0x00000002   Code   RO         2987    i.OSTaskIdleHook    os_cpu_c.o
    0x08006210   0x08006210   0x00000070   Code   RO         2847    i.OSTaskNameSet     os_task.o
    0x08006280   0x08006280   0x00000002   Code   RO         2989    i.OSTaskStatHook    os_cpu_c.o
    0x08006282   0x08006282   0x00000002   PAD
    0x08006284   0x08006284   0x0000008c   Code   RO         2852    i.OSTaskStkChk      os_task.o
    0x08006310   0x08006310   0x0000009a   Code   RO         2990    i.OSTaskStkInit     os_cpu_c.o
    0x080063aa   0x080063aa   0x00000002   PAD
    0x080063ac   0x080063ac   0x000000a8   Code   RO         2853    i.OSTaskSuspend     os_task.o
    0x08006454   0x08006454   0x00000002   Code   RO         2991    i.OSTaskSwHook      os_cpu_c.o
    0x08006456   0x08006456   0x00000002   PAD
    0x08006458   0x08006458   0x00000078   Code   RO         2937    i.OSTimeDly         os_time.o
    0x080064d0   0x080064d0   0x000000ec   Code   RO         2352    i.OSTimeTick        os_core.o
    0x080065bc   0x080065bc   0x00000002   Code   RO         2992    i.OSTimeTickHook    os_cpu_c.o
    0x080065be   0x080065be   0x00000002   PAD
    0x080065c0   0x080065c0   0x00000084   Code   RO         2355    i.OS_EventTaskRdy   os_core.o
    0x08006644   0x08006644   0x0000002a   Code   RO         2356    i.OS_EventTaskRemove  os_core.o
    0x0800666e   0x0800666e   0x00000002   PAD
    0x08006670   0x08006670   0x0000007c   Code   RO         2357    i.OS_EventTaskWait  os_core.o
    0x080066ec   0x080066ec   0x0000001c   Code   RO         2358    i.OS_EventWaitListInit  os_core.o
    0x08006708   0x08006708   0x00000058   Code   RO         2536    i.OS_FlagInit       os_flag.o
    0x08006760   0x08006760   0x00000054   Code   RO         2359    i.OS_InitEventList  os_core.o
    0x080067b4   0x080067b4   0x00000054   Code   RO         2360    i.OS_InitMisc       os_core.o
    0x08006808   0x08006808   0x00000044   Code   RO         2361    i.OS_InitRdyList    os_core.o
    0x0800684c   0x0800684c   0x00000080   Code   RO         2362    i.OS_InitTCBList    os_core.o
    0x080068cc   0x080068cc   0x00000050   Code   RO         2363    i.OS_InitTaskIdle   os_core.o
    0x0800691c   0x0800691c   0x00000050   Code   RO         2364    i.OS_InitTaskStat   os_core.o
    0x0800696c   0x0800696c   0x00000012   Code   RO         2365    i.OS_MemClr         os_core.o
    0x0800697e   0x0800697e   0x00000002   PAD
    0x08006980   0x08006980   0x00000050   Code   RO         2725    i.OS_QInit          os_q.o
    0x080069d0   0x080069d0   0x00000074   Code   RO         2367    i.OS_Sched          os_core.o
    0x08006a44   0x08006a44   0x0000002c   Code   RO         2368    i.OS_SchedNew       os_core.o
    0x08006a70   0x08006a70   0x00000134   Code   RO         2370    i.OS_TCBInit        os_core.o
    0x08006ba4   0x08006ba4   0x00000028   Code   RO         2371    i.OS_TaskIdle       os_core.o
    0x08006bcc   0x08006bcc   0x00000088   Code   RO         2372    i.OS_TaskStat       os_core.o
    0x08006c54   0x08006c54   0x0000003c   Code   RO         2373    i.OS_TaskStatStkChk  os_core.o
    0x08006c90   0x08006c90   0x0000001a   Code   RO         2855    i.OS_TaskStkClr     os_task.o
    0x08006caa   0x08006caa   0x00000002   PAD
    0x08006cac   0x08006cac   0x0000000c   Code   RO         1647    i.PWR_BackupAccessCmd  stm32f10x_pwr.o
    0x08006cb8   0x08006cb8   0x00000020   Code   RO         1070    i.RCC_AHBPeriphClockCmd  stm32f10x_rcc.o
    0x08006cd8   0x08006cd8   0x00000020   Code   RO         1071    i.RCC_APB1PeriphClockCmd  stm32f10x_rcc.o
    0x08006cf8   0x08006cf8   0x00000020   Code   RO         1073    i.RCC_APB2PeriphClockCmd  stm32f10x_rcc.o
    0x08006d18   0x08006d18   0x0000000c   Code   RO         1076    i.RCC_BackupResetCmd  stm32f10x_rcc.o
    0x08006d24   0x08006d24   0x000000d4   Code   RO         1081    i.RCC_GetClocksFreq  stm32f10x_rcc.o
    0x08006df8   0x08006df8   0x0000003c   Code   RO         1082    i.RCC_GetFlagStatus  stm32f10x_rcc.o
    0x08006e34   0x08006e34   0x00000034   Code   RO         1089    i.RCC_LSEConfig     stm32f10x_rcc.o
    0x08006e68   0x08006e68   0x0000000c   Code   RO         1096    i.RCC_RTCCLKCmd     stm32f10x_rcc.o
    0x08006e74   0x08006e74   0x00000010   Code   RO         1097    i.RCC_RTCCLKConfig  stm32f10x_rcc.o
    0x08006e84   0x08006e84   0x00000010   Code   RO         1708    i.RTC_ClearITPendingBit  stm32f10x_rtc.o
    0x08006e94   0x08006e94   0x00000014   Code   RO         1709    i.RTC_EnterConfigMode  stm32f10x_rtc.o
    0x08006ea8   0x08006ea8   0x00000014   Code   RO         1710    i.RTC_ExitConfigMode  stm32f10x_rtc.o
    0x08006ebc   0x08006ebc   0x00000100   Code   RO          633    i.RTC_Get           rtc.o
    0x08006fbc   0x08006fbc   0x00000014   Code   RO         1711    i.RTC_GetCounter    stm32f10x_rtc.o
    0x08006fd0   0x08006fd0   0x00000024   Code   RO         1714    i.RTC_GetITStatus   stm32f10x_rtc.o
    0x08006ff4   0x08006ff4   0x00000078   Code   RO          634    i.RTC_Get_Week      rtc.o
    0x0800706c   0x0800706c   0x00000090   Code   RO            9    i.RTC_IRQHandler    main.o
    0x080070fc   0x080070fc   0x00000020   Code   RO         1715    i.RTC_ITConfig      stm32f10x_rtc.o
    0x0800711c   0x0800711c   0x000000c0   Code   RO          635    i.RTC_Init          rtc.o
    0x080071dc   0x080071dc   0x00000020   Code   RO          636    i.RTC_NVIC_Config   rtc.o
    0x080071fc   0x080071fc   0x000000c8   Code   RO          637    i.RTC_Set           rtc.o
    0x080072c4   0x080072c4   0x0000001c   Code   RO         1717    i.RTC_SetCounter    stm32f10x_rtc.o
    0x080072e0   0x080072e0   0x00000020   Code   RO         1718    i.RTC_SetPrescaler  stm32f10x_rtc.o
    0x08007300   0x08007300   0x00000014   Code   RO         1719    i.RTC_WaitForLastTask  stm32f10x_rtc.o
    0x08007314   0x08007314   0x00000024   Code   RO         1720    i.RTC_WaitForSynchro  stm32f10x_rtc.o
    0x08007338   0x08007338   0x00000002   Code   RO          248    i.SVC_Handler       stm32f10x_it.o
    0x0800733a   0x0800733a   0x00000008   Code   RO          320    i.SetSysClock       system_stm32f10x.o
    0x08007342   0x08007342   0x00000002   PAD
    0x08007344   0x08007344   0x000000e0   Code   RO          321    i.SetSysClockTo72   system_stm32f10x.o
    0x08007424   0x08007424   0x00000028   Code   RO          899    i.SysTick_CLKSourceConfig  misc.o
    0x0800744c   0x0800744c   0x0000001c   Code   RO          758    i.SysTick_Handler   delay.o
    0x08007468   0x08007468   0x00000060   Code   RO          323    i.SystemInit        system_stm32f10x.o
    0x080074c8   0x080074c8   0x00000030   Code   RO          686    i.TIM3_IRQHandler   timer.o
    0x080074f8   0x080074f8   0x00000060   Code   RO          687    i.TIM3_Int_Init     timer.o
    0x08007558   0x08007558   0x00000006   Code   RO         1808    i.TIM_ClearITPendingBit  stm32f10x_tim.o
    0x0800755e   0x0800755e   0x00000018   Code   RO         1813    i.TIM_Cmd           stm32f10x_tim.o
    0x08007576   0x08007576   0x00000022   Code   RO         1834    i.TIM_GetITStatus   stm32f10x_tim.o
    0x08007598   0x08007598   0x00000012   Code   RO         1838    i.TIM_ITConfig      stm32f10x_tim.o
    0x080075aa   0x080075aa   0x00000002   PAD
    0x080075ac   0x080075ac   0x000000a4   Code   RO         1884    i.TIM_TimeBaseInit  stm32f10x_tim.o
    0x08007650   0x08007650   0x0000000a   Code   RO          688    i.Timer_ClearCounter  timer.o
    0x0800765a   0x0800765a   0x00000002   PAD
    0x0800765c   0x0800765c   0x0000000c   Code   RO          689    i.Timer_GetCounter  timer.o
    0x08007668   0x08007668   0x0000000c   Code   RO          690    i.Timer_GetStatus   timer.o
    0x08007674   0x08007674   0x0000000c   Code   RO          691    i.Timer_SetCounter  timer.o
    0x08007680   0x08007680   0x00000020   Code   RO          692    i.Timer_Start       timer.o
    0x080076a0   0x080076a0   0x00000024   Code   RO          693    i.Timer_Stop        timer.o
    0x080076c4   0x080076c4   0x00000090   Code   RO          837    i.USART1_IRQHandler  usart.o
    0x08007754   0x08007754   0x00000018   Code   RO         1273    i.USART_Cmd         stm32f10x_usart.o
    0x0800776c   0x0800776c   0x00000054   Code   RO         1277    i.USART_GetITStatus  stm32f10x_usart.o
    0x080077c0   0x080077c0   0x0000004a   Code   RO         1279    i.USART_ITConfig    stm32f10x_usart.o
    0x0800780a   0x0800780a   0x00000002   PAD
    0x0800780c   0x0800780c   0x000000d8   Code   RO         1280    i.USART_Init        stm32f10x_usart.o
    0x080078e4   0x080078e4   0x0000000a   Code   RO         1287    i.USART_ReceiveData  stm32f10x_usart.o
    0x080078ee   0x080078ee   0x00000004   Code   RO          249    i.UsageFault_Handler  stm32f10x_it.o
    0x080078f2   0x080078f2   0x00000028   Code   RO         3245    i.__ARM_fpclassify  m_ws.l(fpclassify.o)
    0x0800791a   0x0800791a   0x00000002   PAD
    0x0800791c   0x0800791c   0x00000388   Code   RO         3202    i.__ieee754_rem_pio2  m_ws.l(rred.o)
    0x08007ca4   0x08007ca4   0x000000fc   Code   RO         3185    i.__kernel_cos      m_ws.l(cos_i.o)
    0x08007da0   0x08007da0   0x000000aa   Code   RO         3247    i.__kernel_poly     m_ws.l(poly.o)
    0x08007e4a   0x08007e4a   0x00000002   PAD
    0x08007e4c   0x08007e4c   0x000000ec   Code   RO         3207    i.__kernel_sin      m_ws.l(sin_i.o)
    0x08007f38   0x08007f38   0x00000006   Code   RO         3189    i.__mathlib_dbl_infnan  m_ws.l(dunder.o)
    0x08007f3e   0x08007f3e   0x0000000c   Code   RO         3191    i.__mathlib_dbl_invalid  m_ws.l(dunder.o)
    0x08007f4a   0x08007f4a   0x00000002   PAD
    0x08007f4c   0x08007f4c   0x00000010   Code   RO         3194    i.__mathlib_dbl_underflow  m_ws.l(dunder.o)
    0x08007f5c   0x08007f5c   0x00000006   Code   RO          838    i._sys_exit         usart.o
    0x08007f62   0x08007f62   0x00000002   PAD
    0x08007f64   0x08007f64   0x0000009c   Code   RO         3151    i.cos               m_ws.l(cos.o)
    0x08008000   0x08008000   0x0000005c   Code   RO          759    i.delay_init        delay.o
    0x0800805c   0x0800805c   0x00000050   Code   RO          760    i.delay_ms          delay.o
    0x080080ac   0x080080ac   0x00000008   Code   RO          761    i.delay_osschedlock  delay.o
    0x080080b4   0x080080b4   0x00000008   Code   RO          762    i.delay_osschedunlock  delay.o
    0x080080bc   0x080080bc   0x0000000c   Code   RO          763    i.delay_ostimedly   delay.o
    0x080080c8   0x080080c8   0x0000005c   Code   RO          764    i.delay_us          delay.o
    0x08008124   0x08008124   0x00000044   Code   RO           10    i.digital_clock_task  main.o
    0x08008168   0x08008168   0x0000001c   Code   RO          839    i.fputc             usart.o
    0x08008184   0x08008184   0x0000004c   Code   RO           11    i.key_task          main.o
    0x080081d0   0x080081d0   0x000000a0   Code   RO           12    i.main              main.o
    0x08008270   0x08008270   0x000000a0   Code   RO         3159    i.sin               m_ws.l(sin.o)
    0x08008310   0x08008310   0x00000034   Code   RO           13    i.stopwatch_task    main.o
    0x08008344   0x08008344   0x000000a0   Code   RO          840    i.uart_init         usart.o
    0x080083e4   0x080083e4   0x00000150   Code   RO         3124    x$fpl$dadd          fz_ws.l(daddsub_clz.o)
    0x08008534   0x08008534   0x00000010   Code   RO         3264    x$fpl$dcheck1       fz_ws.l(dcheck1.o)
    0x08008544   0x08008544   0x00000018   Code   RO         3176    x$fpl$dcmpinf       fz_ws.l(dcmpi.o)
    0x0800855c   0x0800855c   0x000002b0   Code   RO         3131    x$fpl$ddiv          fz_ws.l(ddiv.o)
    0x0800880c   0x0800880c   0x00000078   Code   RO         3134    x$fpl$deqf          fz_ws.l(deqf.o)
    0x08008884   0x08008884   0x0000005e   Code   RO         3239    x$fpl$dfix          fz_ws.l(dfix.o)
    0x080088e2   0x080088e2   0x00000002   PAD
    0x080088e4   0x080088e4   0x0000005a   Code   RO         3136    x$fpl$dfixu         fz_ws.l(dfixu.o)
    0x0800893e   0x0800893e   0x0000002e   Code   RO         3141    x$fpl$dflt          fz_ws.l(dflt_clz.o)
    0x0800896c   0x0800896c   0x00000026   Code   RO         3140    x$fpl$dfltu         fz_ws.l(dflt_clz.o)
    0x08008992   0x08008992   0x00000002   PAD
    0x08008994   0x08008994   0x00000078   Code   RO         3178    x$fpl$dleqf         fz_ws.l(dleqf.o)
    0x08008a0c   0x08008a0c   0x00000154   Code   RO         3146    x$fpl$dmul          fz_ws.l(dmul.o)
    0x08008b60   0x08008b60   0x0000009c   Code   RO         3180    x$fpl$dnaninf       fz_ws.l(dnaninf.o)
    0x08008bfc   0x08008bfc   0x0000000c   Code   RO         3182    x$fpl$dretinf       fz_ws.l(dretinf.o)
    0x08008c08   0x08008c08   0x0000006c   Code   RO         3148    x$fpl$drleqf        fz_ws.l(drleqf.o)
    0x08008c74   0x08008c74   0x00000016   Code   RO         3125    x$fpl$drsb          fz_ws.l(daddsub_clz.o)
    0x08008c8a   0x08008c8a   0x00000002   PAD
    0x08008c8c   0x08008c8c   0x000001d4   Code   RO         3126    x$fpl$dsub          fz_ws.l(daddsub_clz.o)
    0x08008e60   0x08008e60   0x00000064   Code   RO         3313    x$fpl$retnan        fz_ws.l(retnan.o)
    0x08008ec4   0x08008ec4   0x0000005c   Code   RO         3243    x$fpl$scalbn        fz_ws.l(scalbn.o)
    0x08008f20   0x08008f20   0x00000030   Code   RO         3326    x$fpl$trapveneer    fz_ws.l(trapv.o)
    0x08008f50   0x08008f50   0x00000000   Code   RO         3184    x$fpl$usenofp       fz_ws.l(usenofp.o)
    0x08008f50   0x08008f50   0x00003430   Data   RO          423    .constdata          lcd.o
    0x0800c380   0x0800c380   0x00000018   Data   RO          639    .constdata          rtc.o
    0x0800c398   0x0800c398   0x00000100   Data   RO         2375    .constdata          os_core.o
    0x0800c498   0x0800c498   0x00000028   Data   RO         3080    .constdata          c_w.l(_printf_hex_int.o)
    0x0800c4c0   0x0800c4c0   0x00000030   Data   RO         3186    .constdata          m_ws.l(cos_i.o)
    0x0800c4f0   0x0800c4f0   0x000000c8   Data   RO         3204    .constdata          m_ws.l(rred.o)
    0x0800c5b8   0x0800c5b8   0x00000028   Data   RO         3208    .constdata          m_ws.l(sin_i.o)
    0x0800c5e0   0x0800c5e0   0x00000020   Data   RO         3390    Region$$Table       anon$$obj.o


    Execution Region ER_RW (Exec base: 0x20000000, Load base: 0x0800c600, Size: 0x000000c8, Max: 0xffffffff, ABSOLUTE)

    Exec Addr    Load Addr    Size         Type   Attr      Idx    E Section Name        Object

    0x20000000   0x0800c600   0x0000003c   Data   RW           15    .data               main.o
    0x2000003c   0x0800c63c   0x00000014   Data   RW          324    .data               system_stm32f10x.o
    0x20000050   0x0800c650   0x00000001   Data   RW          368    .data               key.o
    0x20000051   0x0800c651   0x00000001   PAD
    0x20000052   0x0800c652   0x00000004   Data   RW          424    .data               lcd.o
    0x20000056   0x0800c656   0x00000002   Data   RW          640    .data               rtc.o
    0x20000058   0x0800c658   0x00000008   Data   RW          694    .data               timer.o
    0x20000060   0x0800c660   0x00000004   Data   RW          765    .data               delay.o
    0x20000064   0x0800c664   0x00000006   Data   RW          842    .data               usart.o
    0x2000006a   0x0800c66a   0x00000014   Data   RW         1101    .data               stm32f10x_rcc.o
    0x2000007e   0x0800c67e   0x00000002   PAD
    0x20000080   0x0800c680   0x00000048   Data   RW         2376    .data               os_core.o


    Execution Region ER_ZI (Exec base: 0x200000c8, Load base: 0x0800c6c8, Size: 0x000017d0, Max: 0xffffffff, ABSOLUTE)

    Exec Addr    Load Addr    Size         Type   Attr      Idx    E Section Name        Object

    0x200000c8        -       0x0000060a   Zero   RW           14    .bss                main.o
    0x200006d2        -       0x0000000e   Zero   RW          422    .bss                lcd.o
    0x200006e0        -       0x0000000a   Zero   RW          638    .bss                rtc.o
    0x200006ea        -       0x000000c8   Zero   RW          841    .bss                usart.o
    0x200007b2   0x0800c6c8   0x00000002   PAD
    0x200007b4        -       0x00000a80   Zero   RW         2374    .bss                os_core.o
    0x20001234        -       0x00000060   Zero   RW         3250    .bss                c_w.l(libspace.o)
    0x20001294   0x0800c6c8   0x00000004   PAD
    0x20001298        -       0x00000200   Zero   RW          889    HEAP                startup_stm32f10x_hd.o
    0x20001498        -       0x00000400   Zero   RW          888    STACK               startup_stm32f10x_hd.o


==============================================================================

Image component sizes


      Code (inc. data)   RO Data    RW Data    ZI Data      Debug   Object Name

        56          6          0          0          0        476   beep.o
       320         40          0          4          0       3665   delay.o
       260         20          0          1          0       1142   key.o
     17528        200      13360          4         14      24665   lcd.o
        76          8          0          0          0        483   led.o
      3082        240          0         60       1546     278294   main.o
       172         22          0          0          0       1985   misc.o
      2264        412        256         72       2688      21160   os_core.o
       180         36          0          0          0        316   os_cpu_a.o
       170          0          0          0          0      12563   os_cpu_c.o
        88         14          0          0          0        570   os_flag.o
      1048         72          0          0          0       3752   os_mutex.o
        80          8          0          0          0        543   os_q.o
       400         22          0          0          0       2358   os_sem.o
       790         64          0          0          0       5284   os_task.o
       120         20          0          0          0        608   os_time.o
       858         36         24          2         10       5073   rtc.o
        64         26        304          0       1536        784   startup_stm32f10x_hd.o
        72         10          0          0          0       2612   stm32f10x_bkp.o
       282          6          0          0          0       1761   stm32f10x_fsmc.o
       304          0          0          0          0       3568   stm32f10x_gpio.o
        22          0          0          0          0       2755   stm32f10x_it.o
        12          6          0          0          0        494   stm32f10x_pwr.o
       460         64          0         20          0       7526   stm32f10x_rcc.o
       260         48          0          0          0       4980   stm32f10x_rtc.o
       246         42          0          0          0       3442   stm32f10x_tim.o
       408          6          0          0          0       4886   stm32f10x_usart.o
         0          0          0          0          0         32   sys.o
       328         28          0         20          0       1997   system_stm32f10x.o
       258         58          0          8          0       4069   timer.o
       338         26          0          6        200       4060   usart.o

    ----------------------------------------------------------------------
     30582       1540      13976        200       5996     405903   Object Totals
         0          0         32          0          0          0   (incl. Generated)
        36          0          0          3          2          0   (incl. Padding)

    ----------------------------------------------------------------------

      Code (inc. data)   RO Data    RW Data    ZI Data      Debug   Library Member Name

         8          0          0          0          0         68   __main.o
       104          0          0          0          0         84   __printf.o
         0          0          0          0          0          0   __rtentry.o
        12          0          0          0          0          0   __rtentry2.o
         6          0          0          0          0          0   __rtentry4.o
        52          8          0          0          0          0   __scatter.o
        26          0          0          0          0          0   __scatter_copy.o
        28          0          0          0          0          0   __scatter_zi.o
        48          6          0          0          0         96   _printf_char_common.o
        36          4          0          0          0         80   _printf_char_file.o
         6          0          0          0          0          0   _printf_d.o
       120         16          0          0          0         92   _printf_dec.o
        88          4         40          0          0         88   _printf_hex_int.o
       178          0          0          0          0         88   _printf_intcommon.o
         0          0          0          0          0          0   _printf_percent.o
         4          0          0          0          0          0   _printf_percent_end.o
         6          0          0          0          0          0   _printf_x.o
        22          0          0          0          0        100   _rserrno.o
        18          0          0          0          0         80   exit.o
         8          0          0          0          0         68   ferror.o
         6          0          0          0          0        152   heapauxi.o
         2          0          0          0          0          0   libinit.o
         2          0          0          0          0          0   libinit2.o
         2          0          0          0          0          0   libshutdown.o
         2          0          0          0          0          0   libshutdown2.o
         8          4          0          0         96         68   libspace.o
        24          4          0          0          0         84   noretval__2printf.o
         8          4          0          0          0         68   rt_errno_addr_intlibspace.o
         2          0          0          0          0          0   rtexit.o
        10          0          0          0          0          0   rtexit2.o
        74          0          0          0          0         80   sys_stackheap_outer.o
         2          0          0          0          0         68   use_no_semi.o
         2          0          0          0          0         68   use_no_semi_2.o
       826         16          0          0          0        348   daddsub_clz.o
        16          4          0          0          0         68   dcheck1.o
        24          0          0          0          0         68   dcmpi.o
       688        140          0          0          0        208   ddiv.o
       120          4          0          0          0         92   deqf.o
        94          4          0          0          0         92   dfix.o
        90          4          0          0          0         92   dfixu.o
        84          0          0          0          0        136   dflt_clz.o
       120          4          0          0          0         92   dleqf.o
       340         12          0          0          0        104   dmul.o
       156          4          0          0          0         92   dnaninf.o
        12          0          0          0          0         68   dretinf.o
       108          0          0          0          0         80   drleqf.o
       100          0          0          0          0         68   retnan.o
        92          0          0          0          0         68   scalbn.o
        48          0          0          0          0         68   trapv.o
         0          0          0          0          0          0   usenofp.o
       156          8          0          0          0        104   cos.o
       252         22         48          0          0        124   cos_i.o
        34          6          0          0          0        204   dunder.o
        40          0          0          0          0         68   fpclassify.o
       170          0          0          0          0         96   poly.o
       904         76        200          0          0        140   rred.o
       160         10          0          0          0        108   sin.o
       236         12         40          0          0        128   sin_i.o

    ----------------------------------------------------------------------
      5802        376        328          0        100       4148   Library Totals
        18          0          0          0          4          0   (incl. Padding)

    ----------------------------------------------------------------------

      Code (inc. data)   RO Data    RW Data    ZI Data      Debug   Library Name

       914         50         40          0         96       1432   c_w.l
      2918        192          0          0          0       1744   fz_ws.l
      1952        134        288          0          0        972   m_ws.l

    ----------------------------------------------------------------------
      5802        376        328          0        100       4148   Library Totals

    ----------------------------------------------------------------------

==============================================================================


      Code (inc. data)   RO Data    RW Data    ZI Data      Debug   

     36384       1916      14304        200       6096     399647   Grand Totals
     36384       1916      14304        200       6096     399647   ELF Image Totals
     36384       1916      14304        200          0          0   ROM Totals

==============================================================================

    Total RO  Size (Code + RO Data)                50688 (  49.50kB)
    Total RW  Size (RW Data + ZI Data)              6296 (   6.15kB)
    Total ROM Size (Code + RO Data + RW Data)      50888 (  49.70kB)

==============================================================================

